2025-11-28 12:44:51,976 - INFO - Loading cached data from BPC-157_raw_data.csv
2025-11-28 12:44:52,000 - INFO - Data cached to BPC-157_raw_data.csv
2025-11-28 12:44:52,000 - INFO - Total data points: 71
2025-11-28 12:44:52,000 - INFO - Engineering advanced features...
2025-11-28 12:44:52,020 - INFO - Features engineered. Shape: (36, 35)
2025-11-28 12:44:52,020 - INFO - Using 1 features
2025-11-28 12:44:52,023 - INFO - Prepared 24 sequences
2025-11-28 12:44:52,030 - INFO - Using 31 features
2025-11-28 12:44:52,031 - ERROR - Failed to process BPC-157: Input X contains infinity or a value too large for dtype('float64').
Traceback (most recent call last):
  File "/Users/a2938/Library/CloudStorage/OneDrive-JohnsHopkins/peptide_map/test.py", line 1214, in main
    X_multi, y_multi, multi_scaler, multi_feats = forecaster.prepare_data(univariate=False)
                                                  ~~~~~~~~~~~~~~~~~~~~~~~^^^^^^^^^^^^^^^^^^
  File "/Users/a2938/Library/CloudStorage/OneDrive-JohnsHopkins/peptide_map/test.py", line 637, in prepare_data
    scaled_data = scaler.fit_transform(self.df[feats])
  File "/Users/a2938/Library/Python/3.13/lib/python/site-packages/sklearn/utils/_set_output.py", line 316, in wrapped
    data_to_wrap = f(self, X, *args, **kwargs)
  File "/Users/a2938/Library/Python/3.13/lib/python/site-packages/sklearn/base.py", line 894, in fit_transform
    return self.fit(X, **fit_params).transform(X)
           ~~~~~~~~^^^^^^^^^^^^^^^^^
  File "/Users/a2938/Library/Python/3.13/lib/python/site-packages/sklearn/preprocessing/_data.py", line 454, in fit
    return self.partial_fit(X, y)
           ~~~~~~~~~~~~~~~~^^^^^^
  File "/Users/a2938/Library/Python/3.13/lib/python/site-packages/sklearn/base.py", line 1365, in wrapper
    return fit_method(estimator, *args, **kwargs)
  File "/Users/a2938/Library/Python/3.13/lib/python/site-packages/sklearn/preprocessing/_data.py", line 494, in partial_fit
    X = validate_data(
        self,
    ...<3 lines>...
        ensure_all_finite="allow-nan",
    )
  File "/Users/a2938/Library/Python/3.13/lib/python/site-packages/sklearn/utils/validation.py", line 2954, in validate_data
    out = check_array(X, input_name="X", **check_params)
  File "/Users/a2938/Library/Python/3.13/lib/python/site-packages/sklearn/utils/validation.py", line 1105, in check_array
    _assert_all_finite(
    ~~~~~~~~~~~~~~~~~~^
        array,
        ^^^^^^
    ...<2 lines>...
        allow_nan=ensure_all_finite == "allow-nan",
        ^^^^^^^^^^^^^^^^^^^^^^^^^^^^^^^^^^^^^^^^^^^
    )
    ^
  File "/Users/a2938/Library/Python/3.13/lib/python/site-packages/sklearn/utils/validation.py", line 120, in _assert_all_finite
    _assert_all_finite_element_wise(
    ~~~~~~~~~~~~~~~~~~~~~~~~~~~~~~~^
        X,
        ^^
    ...<4 lines>...
        input_name=input_name,
        ^^^^^^^^^^^^^^^^^^^^^^
    )
    ^
  File "/Users/a2938/Library/Python/3.13/lib/python/site-packages/sklearn/utils/validation.py", line 169, in _assert_all_finite_element_wise
    raise ValueError(msg_err)
ValueError: Input X contains infinity or a value too large for dtype('float64').
2025-11-28 12:45:13,965 - INFO - Loading cached data from BPC-157_raw_data.csv
2025-11-28 12:45:13,979 - INFO - Data cached to BPC-157_raw_data.csv
2025-11-28 12:45:13,979 - INFO - Total data points: 71
2025-11-28 12:45:13,979 - INFO - Engineering advanced features...
2025-11-28 12:45:13,994 - INFO - Features engineered. Shape: (36, 35)
2025-11-28 12:45:13,994 - INFO - Using 1 features
2025-11-28 12:45:13,995 - INFO - Prepared 24 sequences
2025-11-28 12:45:13,996 - INFO - Using 31 features
2025-11-28 12:45:13,997 - ERROR - Failed to process BPC-157: Input X contains infinity or a value too large for dtype('float64').
Traceback (most recent call last):
  File "/Users/a2938/Library/CloudStorage/OneDrive-JohnsHopkins/peptide_map/test.py", line 1214, in main
    X_multi, y_multi, multi_scaler, multi_feats = forecaster.prepare_data(univariate=False)
                                                  ~~~~~~~~~~~~~~~~~~~~~~~^^^^^^^^^^^^^^^^^^
  File "/Users/a2938/Library/CloudStorage/OneDrive-JohnsHopkins/peptide_map/test.py", line 637, in prepare_data
    scaled_data = scaler.fit_transform(self.df[feats])
  File "/Users/a2938/Library/Python/3.13/lib/python/site-packages/sklearn/utils/_set_output.py", line 316, in wrapped
    data_to_wrap = f(self, X, *args, **kwargs)
  File "/Users/a2938/Library/Python/3.13/lib/python/site-packages/sklearn/base.py", line 894, in fit_transform
    return self.fit(X, **fit_params).transform(X)
           ~~~~~~~~^^^^^^^^^^^^^^^^^
  File "/Users/a2938/Library/Python/3.13/lib/python/site-packages/sklearn/preprocessing/_data.py", line 454, in fit
    return self.partial_fit(X, y)
           ~~~~~~~~~~~~~~~~^^^^^^
  File "/Users/a2938/Library/Python/3.13/lib/python/site-packages/sklearn/base.py", line 1365, in wrapper
    return fit_method(estimator, *args, **kwargs)
  File "/Users/a2938/Library/Python/3.13/lib/python/site-packages/sklearn/preprocessing/_data.py", line 494, in partial_fit
    X = validate_data(
        self,
    ...<3 lines>...
        ensure_all_finite="allow-nan",
    )
  File "/Users/a2938/Library/Python/3.13/lib/python/site-packages/sklearn/utils/validation.py", line 2954, in validate_data
    out = check_array(X, input_name="X", **check_params)
  File "/Users/a2938/Library/Python/3.13/lib/python/site-packages/sklearn/utils/validation.py", line 1105, in check_array
    _assert_all_finite(
    ~~~~~~~~~~~~~~~~~~^
        array,
        ^^^^^^
    ...<2 lines>...
        allow_nan=ensure_all_finite == "allow-nan",
        ^^^^^^^^^^^^^^^^^^^^^^^^^^^^^^^^^^^^^^^^^^^
    )
    ^
  File "/Users/a2938/Library/Python/3.13/lib/python/site-packages/sklearn/utils/validation.py", line 120, in _assert_all_finite
    _assert_all_finite_element_wise(
    ~~~~~~~~~~~~~~~~~~~~~~~~~~~~~~~^
        X,
        ^^
    ...<4 lines>...
        input_name=input_name,
        ^^^^^^^^^^^^^^^^^^^^^^
    )
    ^
  File "/Users/a2938/Library/Python/3.13/lib/python/site-packages/sklearn/utils/validation.py", line 169, in _assert_all_finite_element_wise
    raise ValueError(msg_err)
ValueError: Input X contains infinity or a value too large for dtype('float64').
2025-11-28 12:48:10,821 - INFO - Loading cached data from BPC-157_raw_data.csv
2025-11-28 12:48:10,837 - INFO - Data cached to BPC-157_raw_data.csv
2025-11-28 12:48:10,837 - INFO - Total data points: 71
2025-11-28 12:48:10,837 - INFO - Engineering advanced features...
2025-11-28 12:48:10,853 - INFO - Features engineered. Shape: (46, 34) (dropped 25 rows with NaN)
2025-11-28 12:48:10,853 - INFO - Using 1 features
2025-11-28 12:48:10,856 - INFO - Prepared 34 sequences
2025-11-28 12:48:10,862 - INFO - Using 30 features
2025-11-28 12:48:10,863 - INFO - Prepared 34 sequences
2025-11-28 12:48:10,864 - INFO - Training advanced model ensemble...
2025-11-28 12:48:10,864 - INFO - Training Attention LSTM...
2025-11-28 12:48:11,646 - ERROR - Failed to process BPC-157: ReduceLROnPlateau.__init__() got an unexpected keyword argument 'verbose'
Traceback (most recent call last):
  File "/Users/a2938/Library/CloudStorage/OneDrive-JohnsHopkins/peptide_map/test.py", line 1282, in main
    forecaster.train_models(X_uni, y_uni, X_multi, y_multi)
    ~~~~~~~~~~~~~~~~~~~~~~~^^^^^^^^^^^^^^^^^^^^^^^^^^^^^^^^
  File "/Users/a2938/Library/CloudStorage/OneDrive-JohnsHopkins/peptide_map/test.py", line 724, in train_models
    self.models['Attention_LSTM'], _ = train_dl_model(lstm_model, X_uni, y_uni, epochs=200)
                                       ~~~~~~~~~~~~~~^^^^^^^^^^^^^^^^^^^^^^^^^^^^^^^^^^^^^^
  File "/Users/a2938/Library/CloudStorage/OneDrive-JohnsHopkins/peptide_map/test.py", line 159, in train_dl_model
    scheduler = optim.lr_scheduler.ReduceLROnPlateau(
        optimizer, mode='min', factor=0.5, patience=10, verbose=False
    )
TypeError: ReduceLROnPlateau.__init__() got an unexpected keyword argument 'verbose'
2025-11-28 12:49:23,305 - INFO - Loading cached data from BPC-157_raw_data.csv
2025-11-28 12:49:23,328 - INFO - Data cached to BPC-157_raw_data.csv
2025-11-28 12:49:23,328 - INFO - Total data points: 71
2025-11-28 12:49:23,328 - INFO - Engineering advanced features...
2025-11-28 12:49:23,347 - INFO - Features engineered. Shape: (46, 34) (dropped 25 rows with NaN)
2025-11-28 12:49:23,347 - INFO - Using 1 features
2025-11-28 12:49:23,349 - INFO - Prepared 34 sequences
2025-11-28 12:49:23,355 - INFO - Using 30 features
2025-11-28 12:49:23,357 - INFO - Prepared 34 sequences
2025-11-28 12:49:23,357 - INFO - Training advanced model ensemble...
2025-11-28 12:49:23,357 - INFO - Training Attention LSTM...
2025-11-28 12:49:24,430 - INFO - Early stopping at epoch 32
2025-11-28 12:49:24,430 - INFO - Training Transformer...
2025-11-28 12:49:26,800 - INFO - Early stopping at epoch 85
2025-11-28 12:49:26,800 - INFO - Training Deep MLP...
2025-11-28 12:49:27,344 - INFO - Early stopping at epoch 63
2025-11-28 12:49:27,345 - INFO - Training Random Forest...
2025-11-28 12:49:27,485 - INFO - Training Gradient Boosting...
2025-11-28 12:49:27,894 - INFO - Training Extra Trees...
2025-11-28 12:49:27,993 - INFO - Training ARIMA...
2025-11-28 12:49:28,483 - INFO - Best ARIMA order: (2, 0, 2), AIC: 165.49
2025-11-28 12:49:28,483 - INFO - Training Exponential Smoothing...
2025-11-28 12:49:28,522 - INFO - Trained 8 models successfully
2025-11-28 12:49:28,523 - INFO - Evaluating models with time series cross-validation...
2025-11-28 12:49:28,523 - INFO - Evaluating Attention_LSTM...
2025-11-28 12:49:28,532 - INFO - Attention_LSTM - RMSE: 1.31, MAE: 0.96, R²: -0.233, MAPE: 50.11%
2025-11-28 12:49:28,532 - INFO - Evaluating Transformer...
2025-11-28 12:49:28,543 - INFO - Transformer - RMSE: 1.36, MAE: 1.15, R²: -0.873, MAPE: 76.20%
2025-11-28 12:49:28,543 - INFO - Evaluating Deep_MLP...
2025-11-28 12:49:28,549 - INFO - Deep_MLP - RMSE: 1.13, MAE: 0.88, R²: -0.654, MAPE: 72.38%
2025-11-28 12:49:28,550 - INFO - Evaluating RandomForest...
2025-11-28 12:49:29,233 - INFO - RandomForest - RMSE: 1.35, MAE: 1.05, R²: -0.620, MAPE: 59.20%
2025-11-28 12:49:29,233 - INFO - Evaluating GradientBoosting...
2025-11-28 12:49:30,260 - INFO - GradientBoosting - RMSE: 1.31, MAE: 1.04, R²: -0.497, MAPE: 59.00%
2025-11-28 12:49:30,260 - INFO - Evaluating ExtraTrees...
2025-11-28 12:49:30,739 - INFO - ExtraTrees - RMSE: 1.42, MAE: 1.11, R²: -0.942, MAPE: 65.79%
2025-11-28 12:49:30,740 - INFO - Evaluating ARIMA...
2025-11-28 12:49:31,109 - INFO - Best ARIMA order: (2, 1, 0), AIC: 75.59
2025-11-28 12:49:31,495 - INFO - Best ARIMA order: (0, 1, 1), AIC: 99.75
2025-11-28 12:49:31,841 - INFO - Best ARIMA order: (0, 1, 1), AIC: 115.85
2025-11-28 12:49:32,190 - INFO - Best ARIMA order: (0, 1, 1), AIC: 129.77
2025-11-28 12:49:32,595 - INFO - Best ARIMA order: (0, 1, 1), AIC: 145.55
2025-11-28 12:49:32,596 - INFO - ARIMA - RMSE: 1.42, MAE: 1.04, R²: -0.617, MAPE: 56.35%
2025-11-28 12:49:32,596 - INFO - Evaluating ExpSmoothing...
2025-11-28 12:49:32,597 - WARNING - Fold 0 failed for ExpSmoothing: Cannot compute initial seasonals using heuristic method with less than two full seasonal cycles in the data.
2025-11-28 12:49:32,744 - INFO - ExpSmoothing - RMSE: 1.74, MAE: 1.33, R²: -2.995, MAPE: 76.77%
2025-11-28 12:49:32,744 - INFO - Generating predictions from all models...
2025-11-28 12:49:32,745 - INFO - Predicting with Attention_LSTM...
2025-11-28 12:49:32,768 - INFO - Predicting with Transformer...
2025-11-28 12:49:32,805 - INFO - Predicting with Deep_MLP...
2025-11-28 12:49:32,814 - INFO - Predicting with RandomForest...
2025-11-28 12:49:33,642 - INFO - Predicting with GradientBoosting...
2025-11-28 12:49:33,649 - INFO - Predicting with ExtraTrees...
2025-11-28 12:49:34,476 - INFO - Predicting with ARIMA...
2025-11-28 12:49:34,479 - INFO - Predicting with ExpSmoothing...
2025-11-28 12:49:34,480 - INFO - Ensemble predictions generated: Mean=1.8, Std=0.2
2025-11-28 12:49:34,480 - INFO - Generating visualizations...
2025-11-28 12:49:34,714 - INFO - Using categorical units to plot a list of strings that are all parsable as floats or dates. If these strings should be plotted as numbers, cast to the appropriate data type before plotting.
2025-11-28 12:49:34,715 - INFO - Using categorical units to plot a list of strings that are all parsable as floats or dates. If these strings should be plotted as numbers, cast to the appropriate data type before plotting.
2025-11-28 12:49:35,420 - INFO - Beautiful static plot saved: BPC-157_comprehensive_analysis.png
2025-11-28 12:49:35,562 - INFO - Interactive dashboard saved: BPC-157_interactive_dashboard.html
2025-11-28 12:49:35,562 - INFO - Exporting data...
2025-11-28 12:49:35,569 - INFO - 
============================================================
2025-11-28 12:49:35,569 - INFO - MODEL PERFORMANCE SUMMARY
2025-11-28 12:49:35,569 - INFO - ============================================================
2025-11-28 12:49:35,570 - INFO -                       rmse       mae        r2       mape
Attention_LSTM    1.308725  0.956380 -0.232910  50.110544
Transformer       1.357631  1.146840 -0.873122  76.202508
Deep_MLP          1.128760  0.883681 -0.653774  72.380156
RandomForest      1.346889  1.045931 -0.619725  59.195943
GradientBoosting  1.306980  1.039510 -0.497397  59.000102
ExtraTrees        1.416507  1.112533 -0.942477  65.788334
ARIMA             1.419346  1.040042 -0.617288  56.348923
ExpSmoothing      1.740951  1.329192 -2.994503  76.767241
2025-11-28 12:49:35,571 - INFO - ============================================================
2025-11-28 12:49:35,571 - INFO - 
============================================================
2025-11-28 12:49:35,571 - INFO - FEATURE IMPORTANCE (Random Forest)
2025-11-28 12:49:35,571 - INFO - ============================================================
2025-11-28 12:49:35,584 - ERROR - Failed to process BPC-157: All arrays must be of the same length
Traceback (most recent call last):
  File "/Users/a2938/Library/CloudStorage/OneDrive-JohnsHopkins/peptide_map/test.py", line 1290, in main
    forecaster.plot_and_export(metrics)
    ~~~~~~~~~~~~~~~~~~~~~~~~~~^^^^^^^^^
  File "/Users/a2938/Library/CloudStorage/OneDrive-JohnsHopkins/peptide_map/test.py", line 1045, in plot_and_export
    feature_importance = pd.DataFrame({
                         ~~~~~~~~~~~~^^
        'Feature': [f for f in self.features if f != 'Count'],
        ^^^^^^^^^^^^^^^^^^^^^^^^^^^^^^^^^^^^^^^^^^^^^^^^^^^^^^
        'Importance': importances
        ^^^^^^^^^^^^^^^^^^^^^^^^^
    }).sort_values('Importance', ascending=False)
    ^^
  File "/Users/a2938/Library/Python/3.13/lib/python/site-packages/pandas/core/frame.py", line 778, in __init__
    mgr = dict_to_mgr(data, index, columns, dtype=dtype, copy=copy, typ=manager)
  File "/Users/a2938/Library/Python/3.13/lib/python/site-packages/pandas/core/internals/construction.py", line 503, in dict_to_mgr
    return arrays_to_mgr(arrays, columns, index, dtype=dtype, typ=typ, consolidate=copy)
  File "/Users/a2938/Library/Python/3.13/lib/python/site-packages/pandas/core/internals/construction.py", line 114, in arrays_to_mgr
    index = _extract_index(arrays)
  File "/Users/a2938/Library/Python/3.13/lib/python/site-packages/pandas/core/internals/construction.py", line 677, in _extract_index
    raise ValueError("All arrays must be of the same length")
ValueError: All arrays must be of the same length
2025-11-28 12:49:49,540 - INFO - Loading cached data from BPC-157_raw_data.csv
2025-11-28 12:49:49,555 - INFO - Data cached to BPC-157_raw_data.csv
2025-11-28 12:49:49,555 - INFO - Total data points: 71
2025-11-28 12:49:49,555 - INFO - Engineering advanced features...
2025-11-28 12:49:49,569 - INFO - Features engineered. Shape: (46, 34) (dropped 25 rows with NaN)
2025-11-28 12:49:49,569 - INFO - Using 1 features
2025-11-28 12:49:49,571 - INFO - Prepared 34 sequences
2025-11-28 12:49:49,572 - INFO - Using 30 features
2025-11-28 12:49:49,574 - INFO - Prepared 34 sequences
2025-11-28 12:49:49,574 - INFO - Training advanced model ensemble...
2025-11-28 12:49:49,574 - INFO - Training Attention LSTM...
2025-11-28 12:49:50,592 - INFO - Early stopping at epoch 32
2025-11-28 12:49:50,593 - INFO - Training Transformer...
2025-11-28 12:49:52,341 - INFO - Early stopping at epoch 61
2025-11-28 12:49:52,342 - INFO - Training Deep MLP...
2025-11-28 12:49:52,792 - INFO - Early stopping at epoch 57
2025-11-28 12:49:52,793 - INFO - Training Random Forest...
2025-11-28 12:49:52,941 - INFO - Training Gradient Boosting...
2025-11-28 12:49:53,325 - INFO - Training Extra Trees...
2025-11-28 12:49:53,408 - INFO - Training ARIMA...
2025-11-28 12:49:53,868 - INFO - Best ARIMA order: (2, 0, 2), AIC: 165.49
2025-11-28 12:49:53,869 - INFO - Training Exponential Smoothing...
2025-11-28 12:49:53,908 - INFO - Trained 8 models successfully
2025-11-28 12:49:53,908 - INFO - Evaluating models with time series cross-validation...
2025-11-28 12:49:53,908 - INFO - Evaluating Attention_LSTM...
2025-11-28 12:49:53,916 - INFO - Attention_LSTM - RMSE: 1.30, MAE: 0.98, R²: -0.262, MAPE: 53.69%
2025-11-28 12:49:53,916 - INFO - Evaluating Transformer...
2025-11-28 12:49:53,927 - INFO - Transformer - RMSE: 1.39, MAE: 1.18, R²: -0.874, MAPE: 75.84%
2025-11-28 12:49:53,927 - INFO - Evaluating Deep_MLP...
2025-11-28 12:49:53,934 - INFO - Deep_MLP - RMSE: 1.07, MAE: 0.88, R²: -2.172, MAPE: 75.03%
2025-11-28 12:49:53,934 - INFO - Evaluating RandomForest...
2025-11-28 12:49:54,637 - INFO - RandomForest - RMSE: 1.34, MAE: 1.04, R²: -0.476, MAPE: 59.67%
2025-11-28 12:49:54,637 - INFO - Evaluating GradientBoosting...
2025-11-28 12:49:55,705 - INFO - GradientBoosting - RMSE: 1.42, MAE: 1.11, R²: -0.783, MAPE: 63.31%
2025-11-28 12:49:55,706 - INFO - Evaluating ExtraTrees...
2025-11-28 12:49:56,193 - INFO - ExtraTrees - RMSE: 1.41, MAE: 1.11, R²: -1.058, MAPE: 68.12%
2025-11-28 12:49:56,194 - INFO - Evaluating ARIMA...
2025-11-28 12:49:56,562 - INFO - Best ARIMA order: (2, 1, 0), AIC: 75.59
2025-11-28 12:49:56,997 - INFO - Best ARIMA order: (0, 1, 1), AIC: 99.75
2025-11-28 12:49:57,349 - INFO - Best ARIMA order: (0, 1, 1), AIC: 115.85
2025-11-28 12:49:57,711 - INFO - Best ARIMA order: (0, 1, 1), AIC: 129.77
2025-11-28 12:49:58,128 - INFO - Best ARIMA order: (0, 1, 1), AIC: 145.55
2025-11-28 12:49:58,129 - INFO - ARIMA - RMSE: 1.42, MAE: 1.04, R²: -0.617, MAPE: 56.35%
2025-11-28 12:49:58,129 - INFO - Evaluating ExpSmoothing...
2025-11-28 12:49:58,130 - WARNING - Fold 0 failed for ExpSmoothing: Cannot compute initial seasonals using heuristic method with less than two full seasonal cycles in the data.
2025-11-28 12:49:58,287 - INFO - ExpSmoothing - RMSE: 1.74, MAE: 1.33, R²: -2.995, MAPE: 76.77%
2025-11-28 12:49:58,287 - INFO - Generating predictions from all models...
2025-11-28 12:49:58,288 - INFO - Predicting with Attention_LSTM...
2025-11-28 12:49:58,310 - INFO - Predicting with Transformer...
2025-11-28 12:49:58,347 - INFO - Predicting with Deep_MLP...
2025-11-28 12:49:58,355 - INFO - Predicting with RandomForest...
2025-11-28 12:49:59,218 - INFO - Predicting with GradientBoosting...
2025-11-28 12:49:59,227 - INFO - Predicting with ExtraTrees...
2025-11-28 12:50:00,075 - INFO - Predicting with ARIMA...
2025-11-28 12:50:00,078 - INFO - Predicting with ExpSmoothing...
2025-11-28 12:50:00,079 - INFO - Ensemble predictions generated: Mean=1.8, Std=0.2
2025-11-28 12:50:00,079 - INFO - Generating visualizations...
2025-11-28 12:50:00,266 - INFO - Using categorical units to plot a list of strings that are all parsable as floats or dates. If these strings should be plotted as numbers, cast to the appropriate data type before plotting.
2025-11-28 12:50:00,267 - INFO - Using categorical units to plot a list of strings that are all parsable as floats or dates. If these strings should be plotted as numbers, cast to the appropriate data type before plotting.
2025-11-28 12:50:00,959 - INFO - Beautiful static plot saved: BPC-157_comprehensive_analysis.png
2025-11-28 12:50:01,097 - INFO - Interactive dashboard saved: BPC-157_interactive_dashboard.html
2025-11-28 12:50:01,097 - INFO - Exporting data...
2025-11-28 12:50:01,102 - INFO - 
============================================================
2025-11-28 12:50:01,102 - INFO - MODEL PERFORMANCE SUMMARY
2025-11-28 12:50:01,102 - INFO - ============================================================
2025-11-28 12:50:01,104 - INFO -                       rmse       mae        r2       mape
Attention_LSTM    1.302119  0.979262 -0.262258  53.692666
Transformer       1.392699  1.177350 -0.874182  75.835429
Deep_MLP          1.070244  0.883129 -2.172221  75.031366
RandomForest      1.337970  1.035062 -0.476451  59.669879
GradientBoosting  1.416777  1.105276 -0.782739  63.305729
ExtraTrees        1.409037  1.113783 -1.057962  68.119112
ARIMA             1.419346  1.040042 -0.617288  56.348923
ExpSmoothing      1.740951  1.329192 -2.994503  76.767241
2025-11-28 12:50:01,104 - INFO - ============================================================
2025-11-28 12:50:01,104 - INFO - 
============================================================
2025-11-28 12:50:01,104 - INFO - FEATURE IMPORTANCE (Random Forest)
2025-11-28 12:50:01,104 - INFO - ============================================================
2025-11-28 12:50:01,117 - ERROR - Failed to process BPC-157: All arrays must be of the same length
Traceback (most recent call last):
  File "/Users/a2938/Library/CloudStorage/OneDrive-JohnsHopkins/peptide_map/test.py", line 1290, in main
    forecaster.plot_and_export(metrics)
    ~~~~~~~~~~~~~~~~~~~~~~~~~~^^^^^^^^^
  File "/Users/a2938/Library/CloudStorage/OneDrive-JohnsHopkins/peptide_map/test.py", line 1045, in plot_and_export
    feature_importance = pd.DataFrame({
                         ~~~~~~~~~~~~^^
        'Feature': [f for f in self.features if f != 'Count'],
        ^^^^^^^^^^^^^^^^^^^^^^^^^^^^^^^^^^^^^^^^^^^^^^^^^^^^^^
        'Importance': importances
        ^^^^^^^^^^^^^^^^^^^^^^^^^
    }).sort_values('Importance', ascending=False)
    ^^
  File "/Users/a2938/Library/Python/3.13/lib/python/site-packages/pandas/core/frame.py", line 778, in __init__
    mgr = dict_to_mgr(data, index, columns, dtype=dtype, copy=copy, typ=manager)
  File "/Users/a2938/Library/Python/3.13/lib/python/site-packages/pandas/core/internals/construction.py", line 503, in dict_to_mgr
    return arrays_to_mgr(arrays, columns, index, dtype=dtype, typ=typ, consolidate=copy)
  File "/Users/a2938/Library/Python/3.13/lib/python/site-packages/pandas/core/internals/construction.py", line 114, in arrays_to_mgr
    index = _extract_index(arrays)
  File "/Users/a2938/Library/Python/3.13/lib/python/site-packages/pandas/core/internals/construction.py", line 677, in _extract_index
    raise ValueError("All arrays must be of the same length")
ValueError: All arrays must be of the same length
2025-11-28 12:52:46,613 - INFO - Loading cached data from BPC-157_raw_data.csv
2025-11-28 12:52:46,627 - INFO - Data cached to BPC-157_raw_data.csv
2025-11-28 12:52:46,627 - INFO - Total data points: 71
2025-11-28 12:52:46,627 - INFO - Engineering advanced features...
2025-11-28 12:52:46,645 - INFO - Features engineered. Shape: (46, 34) (dropped 25 rows with NaN)
2025-11-28 12:52:46,645 - INFO - Using 1 features
2025-11-28 12:52:46,648 - INFO - Prepared 34 sequences
2025-11-28 12:52:46,654 - INFO - Using 30 features
2025-11-28 12:52:46,655 - INFO - Prepared 34 sequences
2025-11-28 12:52:46,655 - INFO - Training advanced model ensemble...
2025-11-28 12:52:46,655 - INFO - Training Attention LSTM...
2025-11-28 12:52:48,065 - INFO - Early stopping at epoch 67
2025-11-28 12:52:48,065 - INFO - Training Transformer...
2025-11-28 12:52:50,269 - INFO - Early stopping at epoch 73
2025-11-28 12:52:50,269 - INFO - Training Deep MLP...
2025-11-28 12:52:51,330 - INFO - Early stopping at epoch 96
2025-11-28 12:52:51,330 - INFO - Training Random Forest...
2025-11-28 12:52:51,501 - INFO - Training Gradient Boosting...
2025-11-28 12:52:51,896 - INFO - Training Extra Trees...
2025-11-28 12:52:51,986 - INFO - Training ARIMA...
2025-11-28 12:52:52,479 - INFO - Best ARIMA order: (2, 0, 2), AIC: 165.49
2025-11-28 12:52:52,479 - INFO - Training Exponential Smoothing...
2025-11-28 12:52:52,518 - INFO - Trained 8 models successfully
2025-11-28 12:52:52,518 - INFO - Evaluating models with time series cross-validation...
2025-11-28 12:52:52,518 - INFO - Evaluating Attention_LSTM...
2025-11-28 12:52:52,527 - INFO - Attention_LSTM - RMSE: 1.30, MAE: 0.98, R²: -0.259, MAPE: 53.60%
2025-11-28 12:52:52,527 - INFO - Evaluating Transformer...
2025-11-28 12:52:52,540 - INFO - Transformer - RMSE: 1.39, MAE: 1.19, R²: -1.074, MAPE: 80.07%
2025-11-28 12:52:52,540 - INFO - Evaluating Deep_MLP...
2025-11-28 12:52:52,548 - INFO - Deep_MLP - RMSE: 0.58, MAE: 0.48, R²: 0.462, MAPE: 37.37%
2025-11-28 12:52:52,548 - INFO - Evaluating RandomForest...
2025-11-28 12:52:53,286 - INFO - RandomForest - RMSE: 1.35, MAE: 1.05, R²: -0.561, MAPE: 60.57%
2025-11-28 12:52:53,286 - INFO - Evaluating GradientBoosting...
2025-11-28 12:52:54,356 - INFO - GradientBoosting - RMSE: 1.41, MAE: 1.10, R²: -0.904, MAPE: 63.14%
2025-11-28 12:52:54,356 - INFO - Evaluating ExtraTrees...
2025-11-28 12:52:54,861 - INFO - ExtraTrees - RMSE: 1.42, MAE: 1.09, R²: -1.122, MAPE: 64.72%
2025-11-28 12:52:54,861 - INFO - Evaluating ARIMA...
2025-11-28 12:52:55,246 - INFO - Best ARIMA order: (2, 1, 0), AIC: 75.59
2025-11-28 12:52:55,675 - INFO - Best ARIMA order: (0, 1, 1), AIC: 99.75
2025-11-28 12:52:56,039 - INFO - Best ARIMA order: (0, 1, 1), AIC: 115.85
2025-11-28 12:52:56,404 - INFO - Best ARIMA order: (0, 1, 1), AIC: 129.77
2025-11-28 12:52:56,839 - INFO - Best ARIMA order: (0, 1, 1), AIC: 145.55
2025-11-28 12:52:56,841 - INFO - ARIMA - RMSE: 1.42, MAE: 1.04, R²: -0.617, MAPE: 56.35%
2025-11-28 12:52:56,841 - INFO - Evaluating ExpSmoothing...
2025-11-28 12:52:56,841 - WARNING - Fold 0 failed for ExpSmoothing: Cannot compute initial seasonals using heuristic method with less than two full seasonal cycles in the data.
2025-11-28 12:52:56,996 - INFO - ExpSmoothing - RMSE: 1.74, MAE: 1.33, R²: -2.995, MAPE: 76.77%
2025-11-28 12:52:56,996 - INFO - Generating predictions from all models...
2025-11-28 12:52:56,997 - INFO - Predicting with Attention_LSTM...
2025-11-28 12:52:57,021 - INFO - Predicting with Transformer...
2025-11-28 12:52:57,060 - INFO - Predicting with Deep_MLP...
2025-11-28 12:52:57,069 - INFO - Predicting with RandomForest...
2025-11-28 12:52:57,928 - INFO - Predicting with GradientBoosting...
2025-11-28 12:52:57,936 - INFO - Predicting with ExtraTrees...
2025-11-28 12:52:58,812 - INFO - Predicting with ARIMA...
2025-11-28 12:52:58,815 - INFO - Predicting with ExpSmoothing...
2025-11-28 12:52:58,815 - INFO - Ensemble predictions generated: Mean=1.7, Std=0.2
2025-11-28 12:52:58,816 - INFO - Generating visualizations...
2025-11-28 12:52:59,031 - INFO - Using categorical units to plot a list of strings that are all parsable as floats or dates. If these strings should be plotted as numbers, cast to the appropriate data type before plotting.
2025-11-28 12:52:59,031 - INFO - Using categorical units to plot a list of strings that are all parsable as floats or dates. If these strings should be plotted as numbers, cast to the appropriate data type before plotting.
2025-11-28 12:52:59,665 - INFO - Beautiful static plot saved: BPC-157_comprehensive_analysis.png
2025-11-28 12:52:59,806 - INFO - Interactive dashboard saved: BPC-157_interactive_dashboard.html
2025-11-28 12:52:59,806 - INFO - Exporting data...
2025-11-28 12:52:59,813 - INFO - 
============================================================
2025-11-28 12:52:59,813 - INFO - MODEL PERFORMANCE SUMMARY
2025-11-28 12:52:59,813 - INFO - ============================================================
2025-11-28 12:52:59,815 - INFO -                       rmse       mae        r2       mape
Attention_LSTM    1.301726  0.978585 -0.259332  53.596298
Transformer       1.392882  1.192743 -1.073947  80.067547
Deep_MLP          0.579342  0.484111  0.461988  37.368208
RandomForest      1.350120  1.053824 -0.560734  60.570065
GradientBoosting  1.412477  1.097491 -0.904092  63.141515
ExtraTrees        1.416236  1.092517 -1.121756  64.721556
ARIMA             1.419346  1.040042 -0.617288  56.348923
ExpSmoothing      1.740951  1.329192 -2.994503  76.767241
2025-11-28 12:52:59,815 - INFO - ============================================================
2025-11-28 12:52:59,815 - INFO - 
============================================================
2025-11-28 12:52:59,815 - INFO - FEATURE IMPORTANCE (Random Forest)
2025-11-28 12:52:59,815 - INFO - ============================================================
2025-11-28 12:52:59,841 - INFO -             Feature  Importance
29         Residual    0.161018
9            Lag_12    0.123488
28         Seasonal    0.116357
11    Rolling_Std_3    0.078449
25            EMA_3    0.068445
15    Rolling_Std_6    0.053105
18  Rolling_Mean_12    0.047932
19   Rolling_Std_12    0.045507
10   Rolling_Mean_3    0.035094
8             Lag_6    0.031666
12    Rolling_Min_3    0.027855
26           EMA_12    0.023879
24       Momentum_6    0.023629
7             Lag_3    0.023062
27            Trend    0.022791
14   Rolling_Mean_6    0.021329
22      Momentum_12    0.018949
13    Rolling_Max_3    0.015660
2         Cos_Month    0.010200
1         Sin_Month    0.009010
23       YoY_Growth    0.008316
6             Lag_2    0.007615
5             Lag_1    0.006333
16    Rolling_Min_6    0.004170
21   Rolling_Max_12    0.003606
17    Rolling_Max_6    0.003494
4       Cos_Quarter    0.003461
3       Sin_Quarter    0.003235
0             Count    0.002036
20   Rolling_Min_12    0.000311
2025-11-28 12:52:59,842 - INFO - ============================================================
2025-11-28 12:52:59,842 - INFO - 
============================================================
2025-11-28 12:52:59,842 - INFO - FEATURE IMPORTANCE (Gradient Boosting)
2025-11-28 12:52:59,842 - INFO - ============================================================
2025-11-28 12:52:59,844 - INFO -             Feature  Importance
29         Residual    0.182543
25            EMA_3    0.117731
28         Seasonal    0.116449
9            Lag_12    0.115510
18  Rolling_Mean_12    0.049094
10   Rolling_Mean_3    0.045100
22      Momentum_12    0.039100
11    Rolling_Std_3    0.039087
8             Lag_6    0.034789
15    Rolling_Std_6    0.034026
26           EMA_12    0.031962
3       Sin_Quarter    0.031336
19   Rolling_Std_12    0.030626
27            Trend    0.027614
5             Lag_1    0.024730
23       YoY_Growth    0.018261
12    Rolling_Min_3    0.016265
2         Cos_Month    0.011428
13    Rolling_Max_3    0.010304
4       Cos_Quarter    0.005098
21   Rolling_Max_12    0.004427
14   Rolling_Mean_6    0.003425
1         Sin_Month    0.002987
24       Momentum_6    0.002665
0             Count    0.001419
7             Lag_3    0.001296
17    Rolling_Max_6    0.001224
20   Rolling_Min_12    0.001001
16    Rolling_Min_6    0.000419
6             Lag_2    0.000082
2025-11-28 12:52:59,844 - INFO - ============================================================
2025-11-28 12:52:59,844 - INFO - Generating comprehensive report...
2025-11-28 12:52:59,845 - INFO - Comprehensive report saved: BPC-157_report.html
2025-11-28 12:54:12,532 - INFO - Loading cached data from BPC-157_raw_data.csv
2025-11-28 12:54:12,589 - INFO - Data cached to BPC-157_raw_data.csv
2025-11-28 12:54:12,590 - INFO - Total data points: 71
2025-11-28 12:54:12,590 - INFO - Engineering advanced features...
2025-11-28 12:54:12,610 - INFO - Features engineered. Shape: (46, 34) (dropped 25 rows with NaN)
2025-11-28 12:54:12,610 - INFO - Using 1 features
2025-11-28 12:54:12,612 - INFO - Prepared 34 sequences
2025-11-28 12:54:12,617 - INFO - Using 30 features
2025-11-28 12:54:12,619 - INFO - Prepared 34 sequences
2025-11-28 12:54:12,619 - INFO - Training advanced model ensemble...
2025-11-28 12:54:12,619 - INFO - Training Attention LSTM...
2025-11-28 12:54:13,731 - INFO - Early stopping at epoch 27
2025-11-28 12:54:13,731 - INFO - Training Transformer...
2025-11-28 12:54:15,244 - INFO - Early stopping at epoch 51
2025-11-28 12:54:15,245 - INFO - Training Deep MLP...
2025-11-28 12:54:15,759 - INFO - Early stopping at epoch 59
2025-11-28 12:54:15,759 - INFO - Training Random Forest...
2025-11-28 12:54:15,908 - INFO - Training Gradient Boosting...
2025-11-28 12:54:16,305 - INFO - Training Extra Trees...
2025-11-28 12:54:16,400 - INFO - Training ARIMA...
2025-11-28 12:54:16,888 - INFO - Best ARIMA order: (2, 0, 2), AIC: 165.49
2025-11-28 12:54:16,889 - INFO - Training Exponential Smoothing...
2025-11-28 12:54:16,927 - INFO - Trained 8 models successfully
2025-11-28 12:54:16,927 - INFO - Evaluating models with time series cross-validation...
2025-11-28 12:54:16,927 - INFO - Evaluating Attention_LSTM...
2025-11-28 12:54:16,936 - INFO - Attention_LSTM - RMSE: 1.30, MAE: 0.99, R²: -0.282, MAPE: 55.47%
2025-11-28 12:54:16,936 - INFO - Evaluating Transformer...
2025-11-28 12:54:16,947 - INFO - Transformer - RMSE: 1.39, MAE: 1.15, R²: -0.677, MAPE: 71.59%
2025-11-28 12:54:16,947 - INFO - Evaluating Deep_MLP...
2025-11-28 12:54:16,953 - INFO - Deep_MLP - RMSE: 0.58, MAE: 0.48, R²: 0.626, MAPE: 36.55%
2025-11-28 12:54:16,953 - INFO - Evaluating RandomForest...
2025-11-28 12:54:17,674 - INFO - RandomForest - RMSE: 1.32, MAE: 1.02, R²: -0.498, MAPE: 58.99%
2025-11-28 12:54:17,674 - INFO - Evaluating GradientBoosting...
2025-11-28 12:54:18,752 - INFO - GradientBoosting - RMSE: 1.41, MAE: 1.14, R²: -1.112, MAPE: 67.18%
2025-11-28 12:54:18,752 - INFO - Evaluating ExtraTrees...
2025-11-28 12:54:19,261 - INFO - ExtraTrees - RMSE: 1.42, MAE: 1.10, R²: -1.128, MAPE: 66.09%
2025-11-28 12:54:19,261 - INFO - Evaluating ARIMA...
2025-11-28 12:54:19,653 - INFO - Best ARIMA order: (2, 1, 0), AIC: 75.59
2025-11-28 12:54:20,077 - INFO - Best ARIMA order: (0, 1, 1), AIC: 99.75
2025-11-28 12:54:20,445 - INFO - Best ARIMA order: (0, 1, 1), AIC: 115.85
2025-11-28 12:54:20,848 - INFO - Best ARIMA order: (0, 1, 1), AIC: 129.77
2025-11-28 12:54:21,294 - INFO - Best ARIMA order: (0, 1, 1), AIC: 145.55
2025-11-28 12:54:21,296 - INFO - ARIMA - RMSE: 1.42, MAE: 1.04, R²: -0.617, MAPE: 56.35%
2025-11-28 12:54:21,296 - INFO - Evaluating ExpSmoothing...
2025-11-28 12:54:21,296 - WARNING - Fold 0 failed for ExpSmoothing: Cannot compute initial seasonals using heuristic method with less than two full seasonal cycles in the data.
2025-11-28 12:54:21,452 - INFO - ExpSmoothing - RMSE: 1.74, MAE: 1.33, R²: -2.995, MAPE: 76.77%
2025-11-28 12:54:21,452 - INFO - Generating predictions from all models...
2025-11-28 12:54:21,455 - INFO - Predicting with Attention_LSTM...
2025-11-28 12:54:21,494 - INFO - Predicting with Transformer...
2025-11-28 12:54:21,544 - INFO - Predicting with Deep_MLP...
2025-11-28 12:54:21,554 - INFO - Predicting with RandomForest...
2025-11-28 12:54:22,408 - INFO - Predicting with GradientBoosting...
2025-11-28 12:54:22,416 - INFO - Predicting with ExtraTrees...
2025-11-28 12:54:23,276 - INFO - Predicting with ARIMA...
2025-11-28 12:54:23,279 - INFO - Predicting with ExpSmoothing...
2025-11-28 12:54:23,279 - INFO - Ensemble predictions generated: Mean=1.8, Std=0.2
2025-11-28 12:54:23,279 - INFO - Generating visualizations...
2025-11-28 12:54:23,492 - INFO - Using categorical units to plot a list of strings that are all parsable as floats or dates. If these strings should be plotted as numbers, cast to the appropriate data type before plotting.
2025-11-28 12:54:23,492 - INFO - Using categorical units to plot a list of strings that are all parsable as floats or dates. If these strings should be plotted as numbers, cast to the appropriate data type before plotting.
2025-11-28 12:54:24,183 - INFO - Beautiful static plot saved: BPC-157_comprehensive_analysis.png
2025-11-28 12:54:24,333 - INFO - Interactive dashboard saved: BPC-157_interactive_dashboard.html
2025-11-28 12:54:24,333 - INFO - Exporting data...
2025-11-28 12:54:24,340 - INFO - 
============================================================
2025-11-28 12:54:24,340 - INFO - MODEL PERFORMANCE SUMMARY
2025-11-28 12:54:24,340 - INFO - ============================================================
2025-11-28 12:54:24,341 - INFO -                       rmse       mae        r2       mape
Attention_LSTM    1.300105  0.990670 -0.282383  55.471998
Transformer       1.386285  1.151644 -0.677070  71.585427
Deep_MLP          0.575498  0.477350  0.625810  36.551067
RandomForest      1.315963  1.016568 -0.498382  58.994103
GradientBoosting  1.412787  1.135515 -1.112101  67.182700
ExtraTrees        1.422704  1.102067 -1.128148  66.092890
ARIMA             1.419346  1.040042 -0.617288  56.348923
ExpSmoothing      1.740951  1.329192 -2.994503  76.767241
2025-11-28 12:54:24,341 - INFO - ============================================================
2025-11-28 12:54:24,342 - INFO - 
============================================================
2025-11-28 12:54:24,342 - INFO - FEATURE IMPORTANCE (Random Forest)
2025-11-28 12:54:24,342 - INFO - ============================================================
2025-11-28 12:54:24,368 - INFO -             Feature  Importance
28         Seasonal    0.158203
29         Residual    0.150693
9            Lag_12    0.128718
25            EMA_3    0.075055
11    Rolling_Std_3    0.068268
10   Rolling_Mean_3    0.065007
15    Rolling_Std_6    0.048856
26           EMA_12    0.029260
8             Lag_6    0.029228
14   Rolling_Mean_6    0.028822
19   Rolling_Std_12    0.024367
27            Trend    0.024056
18  Rolling_Mean_12    0.023840
7             Lag_3    0.020824
22      Momentum_12    0.020151
12    Rolling_Min_3    0.019476
23       YoY_Growth    0.016552
5             Lag_1    0.010244
6             Lag_2    0.009482
2         Cos_Month    0.008732
24       Momentum_6    0.007310
1         Sin_Month    0.007128
13    Rolling_Max_3    0.007110
3       Sin_Quarter    0.004786
21   Rolling_Max_12    0.004315
4       Cos_Quarter    0.003315
0             Count    0.002548
17    Rolling_Max_6    0.002265
16    Rolling_Min_6    0.000800
20   Rolling_Min_12    0.000589
2025-11-28 12:54:24,369 - INFO - ============================================================
2025-11-28 12:54:24,369 - INFO - 
============================================================
2025-11-28 12:54:24,369 - INFO - FEATURE IMPORTANCE (Gradient Boosting)
2025-11-28 12:54:24,369 - INFO - ============================================================
2025-11-28 12:54:24,371 - INFO -             Feature    Importance
29         Residual  2.068178e-01
28         Seasonal  1.665405e-01
9            Lag_12  1.579638e-01
25            EMA_3  7.326192e-02
8             Lag_6  5.273858e-02
11    Rolling_Std_3  4.598132e-02
19   Rolling_Std_12  3.472203e-02
10   Rolling_Mean_3  2.720460e-02
7             Lag_3  2.569127e-02
12    Rolling_Min_3  2.467311e-02
26           EMA_12  2.224230e-02
17    Rolling_Max_6  1.925967e-02
5             Lag_1  1.871345e-02
6             Lag_2  1.745794e-02
2         Cos_Month  1.676401e-02
22      Momentum_12  1.630285e-02
24       Momentum_6  1.567000e-02
13    Rolling_Max_3  1.170386e-02
15    Rolling_Std_6  1.155175e-02
4       Cos_Quarter  9.110519e-03
1         Sin_Month  6.226310e-03
18  Rolling_Mean_12  4.092815e-03
27            Trend  3.444159e-03
0             Count  3.101166e-03
16    Rolling_Min_6  2.302148e-03
23       YoY_Growth  2.007181e-03
21   Rolling_Max_12  2.001731e-03
14   Rolling_Mean_6  1.686345e-03
3       Sin_Quarter  7.668543e-04
20   Rolling_Min_12  8.450911e-08
2025-11-28 12:54:24,371 - INFO - ============================================================
2025-11-28 12:54:24,371 - INFO - Generating comprehensive report...
2025-11-28 12:54:24,373 - INFO - Comprehensive report saved: BPC-157_report.html
2025-11-28 13:28:47,233 - INFO - Loading cached data from BPC-157_raw_data.csv
2025-11-28 13:28:47,260 - INFO - Data cached to BPC-157_raw_data.csv
2025-11-28 13:28:47,261 - INFO - Total data points: 71
2025-11-28 13:28:47,261 - INFO - Engineering advanced features...
2025-11-28 13:28:47,279 - INFO - Features engineered. Shape: (46, 34) (dropped 25 rows with NaN)
2025-11-28 13:28:47,279 - INFO - Using 1 features
2025-11-28 13:28:47,282 - INFO - Prepared 34 sequences
2025-11-28 13:28:47,288 - INFO - Using 30 features
2025-11-28 13:28:47,290 - INFO - Prepared 34 sequences
2025-11-28 13:28:47,290 - INFO - Training advanced model ensemble...
2025-11-28 13:28:47,290 - INFO - Training Attention LSTM...
2025-11-28 13:28:48,608 - INFO - Early stopping at epoch 58
2025-11-28 13:28:48,608 - INFO - Training Transformer...
2025-11-28 13:28:49,486 - INFO - Early stopping at epoch 31
2025-11-28 13:28:49,486 - INFO - Training Deep MLP...
2025-11-28 13:28:50,582 - INFO - Early stopping at epoch 134
2025-11-28 13:28:50,582 - INFO - Training Random Forest...
2025-11-28 13:28:50,743 - INFO - Training Gradient Boosting...
2025-11-28 13:28:51,116 - INFO - Training Extra Trees...
2025-11-28 13:28:51,211 - INFO - Training ARIMA...
2025-11-28 13:28:51,672 - INFO - Best ARIMA order: (2, 0, 2), AIC: 165.49
2025-11-28 13:28:51,672 - INFO - Training Exponential Smoothing...
2025-11-28 13:28:51,713 - INFO - Trained 8 models successfully
2025-11-28 13:28:51,713 - INFO - Evaluating models with time series cross-validation...
2025-11-28 13:28:51,713 - INFO - Evaluating Attention_LSTM...
2025-11-28 13:28:51,723 - INFO - Attention_LSTM - RMSE: 1.30, MAE: 0.98, R²: -0.251, MAPE: 53.11%
2025-11-28 13:28:51,723 - INFO - Evaluating Transformer...
2025-11-28 13:28:51,733 - INFO - Transformer - RMSE: 1.38, MAE: 1.03, R²: -0.306, MAPE: 53.24%
2025-11-28 13:28:51,733 - INFO - Evaluating Deep_MLP...
2025-11-28 13:28:51,739 - INFO - Deep_MLP - RMSE: 0.63, MAE: 0.51, R²: -0.177, MAPE: 42.75%
2025-11-28 13:28:51,739 - INFO - Evaluating RandomForest...
2025-11-28 13:28:52,413 - INFO - RandomForest - RMSE: 1.33, MAE: 1.02, R²: -0.503, MAPE: 57.97%
2025-11-28 13:28:52,413 - INFO - Evaluating GradientBoosting...
2025-11-28 13:28:53,453 - INFO - GradientBoosting - RMSE: 1.45, MAE: 1.17, R²: -1.084, MAPE: 78.06%
2025-11-28 13:28:53,453 - INFO - Evaluating ExtraTrees...
2025-11-28 13:28:53,939 - INFO - ExtraTrees - RMSE: 1.41, MAE: 1.11, R²: -1.124, MAPE: 68.37%
2025-11-28 13:28:53,940 - INFO - Evaluating ARIMA...
2025-11-28 13:28:54,303 - INFO - Best ARIMA order: (2, 1, 0), AIC: 75.59
2025-11-28 13:28:54,694 - INFO - Best ARIMA order: (0, 1, 1), AIC: 99.75
2025-11-28 13:28:55,036 - INFO - Best ARIMA order: (0, 1, 1), AIC: 115.85
2025-11-28 13:28:55,390 - INFO - Best ARIMA order: (0, 1, 1), AIC: 129.77
2025-11-28 13:28:55,798 - INFO - Best ARIMA order: (0, 1, 1), AIC: 145.55
2025-11-28 13:28:55,799 - INFO - ARIMA - RMSE: 1.42, MAE: 1.04, R²: -0.617, MAPE: 56.35%
2025-11-28 13:28:55,799 - INFO - Evaluating ExpSmoothing...
2025-11-28 13:28:55,799 - WARNING - Fold 0 failed for ExpSmoothing: Cannot compute initial seasonals using heuristic method with less than two full seasonal cycles in the data.
2025-11-28 13:28:55,951 - INFO - ExpSmoothing - RMSE: 1.74, MAE: 1.33, R²: -2.995, MAPE: 76.77%
2025-11-28 13:28:55,952 - INFO - Generating predictions from all models...
2025-11-28 13:28:55,953 - INFO - Applying growth bias: inf% per year
2025-11-28 13:28:55,953 - INFO - Predicting with Attention_LSTM...
2025-11-28 13:28:55,975 - INFO - Predicting with Transformer...
2025-11-28 13:28:56,013 - INFO - Predicting with Deep_MLP...
2025-11-28 13:28:56,022 - INFO - Predicting with RandomForest...
2025-11-28 13:28:56,882 - INFO - Predicting with GradientBoosting...
2025-11-28 13:28:56,890 - INFO - Predicting with ExtraTrees...
2025-11-28 13:28:57,723 - INFO - Predicting with ARIMA...
2025-11-28 13:28:57,725 - INFO - Predicting with ExpSmoothing...
2025-11-28 13:28:57,727 - INFO - Ensemble predictions generated: Mean=inf, Std=nan, Growth=nan%
2025-11-28 13:28:57,727 - INFO - Generating visualizations...
2025-11-28 13:28:57,936 - INFO - Using categorical units to plot a list of strings that are all parsable as floats or dates. If these strings should be plotted as numbers, cast to the appropriate data type before plotting.
2025-11-28 13:28:57,937 - INFO - Using categorical units to plot a list of strings that are all parsable as floats or dates. If these strings should be plotted as numbers, cast to the appropriate data type before plotting.
2025-11-28 13:28:58,619 - INFO - Beautiful static plot saved: BPC-157_comprehensive_analysis.png
2025-11-28 13:28:58,758 - INFO - Interactive dashboard saved: BPC-157_interactive_dashboard.html
2025-11-28 13:28:58,758 - INFO - Exporting data...
2025-11-28 13:28:58,762 - INFO - 
============================================================
2025-11-28 13:28:58,763 - INFO - MODEL PERFORMANCE SUMMARY
2025-11-28 13:28:58,763 - INFO - ============================================================
2025-11-28 13:28:58,764 - INFO -                       rmse       mae        r2       mape
Attention_LSTM    1.302076  0.975524 -0.251360  53.109369
Transformer       1.375409  1.029080 -0.306281  53.238990
Deep_MLP          0.626386  0.507331 -0.176530  42.746059
RandomForest      1.326356  1.022811 -0.503315  57.970977
GradientBoosting  1.452113  1.168002 -1.084491  78.064423
ExtraTrees        1.411672  1.110600 -1.124326  68.366445
ARIMA             1.419346  1.040042 -0.617288  56.348923
ExpSmoothing      1.740951  1.329192 -2.994503  76.767241
2025-11-28 13:28:58,764 - INFO - ============================================================
2025-11-28 13:28:58,764 - INFO - 
============================================================
2025-11-28 13:28:58,764 - INFO - FEATURE IMPORTANCE (Random Forest)
2025-11-28 13:28:58,764 - INFO - ============================================================
2025-11-28 13:28:58,792 - INFO -             Feature  Importance
29         Residual    0.157677
9            Lag_12    0.133290
28         Seasonal    0.107672
25            EMA_3    0.079032
10   Rolling_Mean_3    0.060206
11    Rolling_Std_3    0.056969
18  Rolling_Mean_12    0.048285
15    Rolling_Std_6    0.047081
8             Lag_6    0.043873
22      Momentum_12    0.033583
19   Rolling_Std_12    0.033467
24       Momentum_6    0.030447
26           EMA_12    0.024842
27            Trend    0.019770
12    Rolling_Min_3    0.018151
7             Lag_3    0.015635
2         Cos_Month    0.015268
14   Rolling_Mean_6    0.011689
13    Rolling_Max_3    0.010451
23       YoY_Growth    0.008771
1         Sin_Month    0.008477
3       Sin_Quarter    0.008303
6             Lag_2    0.006677
5             Lag_1    0.005245
17    Rolling_Max_6    0.005220
21   Rolling_Max_12    0.004094
4       Cos_Quarter    0.003182
0             Count    0.001394
20   Rolling_Min_12    0.000819
16    Rolling_Min_6    0.000429
2025-11-28 13:28:58,793 - INFO - ============================================================
2025-11-28 13:28:58,793 - INFO - 
============================================================
2025-11-28 13:28:58,793 - INFO - FEATURE IMPORTANCE (Gradient Boosting)
2025-11-28 13:28:58,793 - INFO - ============================================================
2025-11-28 13:28:58,795 - INFO -             Feature  Importance
9            Lag_12    0.214042
28         Seasonal    0.151214
29         Residual    0.149923
25            EMA_3    0.094350
8             Lag_6    0.069713
19   Rolling_Std_12    0.043787
11    Rolling_Std_3    0.036354
14   Rolling_Mean_6    0.034154
22      Momentum_12    0.031311
12    Rolling_Min_3    0.023593
27            Trend    0.022334
7             Lag_3    0.021234
15    Rolling_Std_6    0.014284
10   Rolling_Mean_3    0.012174
13    Rolling_Max_3    0.011054
26           EMA_12    0.010698
1         Sin_Month    0.009668
5             Lag_1    0.008484
2         Cos_Month    0.006641
6             Lag_2    0.005409
24       Momentum_6    0.005310
3       Sin_Quarter    0.005234
0             Count    0.004923
18  Rolling_Mean_12    0.004812
21   Rolling_Max_12    0.003132
23       YoY_Growth    0.003072
4       Cos_Quarter    0.001460
16    Rolling_Min_6    0.000840
17    Rolling_Max_6    0.000691
20   Rolling_Min_12    0.000104
2025-11-28 13:28:58,795 - INFO - ============================================================
2025-11-28 13:28:58,795 - INFO - Generating comprehensive report...
2025-11-28 13:28:58,797 - INFO - Comprehensive report saved: BPC-157_report.html
2025-12-02 22:00:21,390 - INFO - Loading cached data from bpc-157_raw_data.csv
2025-12-02 22:00:22,121 - INFO - Data cached to bpc-157_raw_data.csv
2025-12-02 22:00:22,121 - INFO - Total data points: 72
2025-12-02 22:00:22,121 - INFO - Engineering advanced features...
2025-12-02 22:00:22,146 - INFO - Features engineered. Shape: (47, 34) (dropped 25 rows with NaN)
2025-12-02 22:00:22,146 - INFO - Using 1 features
2025-12-02 22:00:22,150 - INFO - Prepared 35 sequences
2025-12-02 22:00:22,158 - INFO - Using 30 features
2025-12-02 22:00:22,160 - INFO - Prepared 35 sequences
2025-12-02 22:00:22,160 - INFO - Training advanced model ensemble...
2025-12-02 22:00:22,160 - INFO - Training Attention LSTM...
2025-12-02 22:00:23,716 - INFO - Early stopping at epoch 61
2025-12-02 22:00:23,716 - INFO - Training Transformer...
2025-12-02 22:00:24,970 - INFO - Early stopping at epoch 49
2025-12-02 22:00:24,970 - INFO - Training Deep MLP...
2025-12-02 22:00:25,538 - INFO - Early stopping at epoch 85
2025-12-02 22:00:25,538 - INFO - Training Random Forest...
2025-12-02 22:00:25,664 - INFO - Training Gradient Boosting...
2025-12-02 22:00:25,974 - INFO - Training Extra Trees...
2025-12-02 22:00:26,049 - INFO - Training ARIMA...
2025-12-02 22:00:26,427 - INFO - Best ARIMA order: (2, 0, 2), AIC: 167.89
2025-12-02 22:00:26,427 - INFO - Training Exponential Smoothing...
2025-12-02 22:00:26,457 - INFO - Trained 8 models successfully
2025-12-02 22:00:26,457 - INFO - Evaluating models with time series cross-validation...
2025-12-02 22:00:26,457 - INFO - Evaluating Attention_LSTM...
2025-12-02 22:00:26,465 - INFO - Attention_LSTM - RMSE: 1.17, MAE: 1.02, R²: -1.400, MAPE: 72.11%
2025-12-02 22:00:26,465 - INFO - Evaluating Transformer...
2025-12-02 22:00:26,475 - INFO - Transformer - RMSE: 1.28, MAE: 1.14, R²: -2.631, MAPE: 88.46%
2025-12-02 22:00:26,475 - INFO - Evaluating Deep_MLP...
2025-12-02 22:00:26,481 - INFO - Deep_MLP - RMSE: 0.65, MAE: 0.54, R²: 0.467, MAPE: 33.55%
2025-12-02 22:00:26,481 - INFO - Evaluating RandomForest...
2025-12-02 22:00:27,065 - INFO - RandomForest - RMSE: 1.31, MAE: 1.11, R²: -3.001, MAPE: 75.40%
2025-12-02 22:00:27,065 - INFO - Evaluating GradientBoosting...
2025-12-02 22:00:27,962 - INFO - GradientBoosting - RMSE: 1.54, MAE: 1.34, R²: -6.661, MAPE: 99.14%
2025-12-02 22:00:27,963 - INFO - Evaluating ExtraTrees...
2025-12-02 22:00:28,393 - INFO - ExtraTrees - RMSE: 1.65, MAE: 1.44, R²: -9.115, MAPE: 109.23%
2025-12-02 22:00:28,393 - INFO - Evaluating ARIMA...
2025-12-02 22:00:28,695 - INFO - Best ARIMA order: (0, 0, 0), AIC: 85.76
2025-12-02 22:00:28,972 - INFO - Best ARIMA order: (0, 1, 1), AIC: 102.54
2025-12-02 22:00:29,261 - INFO - Best ARIMA order: (0, 1, 1), AIC: 118.58
2025-12-02 22:00:29,550 - INFO - Best ARIMA order: (0, 1, 1), AIC: 132.31
2025-12-02 22:00:29,865 - INFO - Best ARIMA order: (0, 1, 1), AIC: 148.07
2025-12-02 22:00:29,867 - INFO - ARIMA - RMSE: 1.29, MAE: 1.10, R²: -2.272, MAPE: 72.93%
2025-12-02 22:00:29,867 - INFO - Evaluating ExpSmoothing...
2025-12-02 22:00:29,867 - WARNING - Fold 0 failed for ExpSmoothing: Cannot compute initial seasonals using heuristic method with less than two full seasonal cycles in the data.
2025-12-02 22:00:29,990 - INFO - ExpSmoothing - RMSE: 1.77, MAE: 1.41, R²: -3.130, MAPE: 78.34%
2025-12-02 22:00:29,990 - INFO - Generating predictions from all models...
2025-12-02 22:00:29,991 - INFO - Applying growth bias: inf% per year
2025-12-02 22:00:29,991 - INFO - Predicting with Attention_LSTM...
2025-12-02 22:00:30,008 - INFO - Predicting with Transformer...
2025-12-02 22:00:30,040 - INFO - Predicting with Deep_MLP...
2025-12-02 22:00:30,047 - INFO - Predicting with RandomForest...
2025-12-02 22:00:30,880 - INFO - Predicting with GradientBoosting...
2025-12-02 22:00:30,886 - INFO - Predicting with ExtraTrees...
2025-12-02 22:00:31,774 - INFO - Predicting with ARIMA...
2025-12-02 22:00:31,777 - INFO - Predicting with ExpSmoothing...
2025-12-02 22:00:31,778 - INFO - Ensemble predictions generated: Mean=inf, Std=nan, Growth=nan%
2025-12-02 22:00:31,778 - INFO - Generating visualizations...
2025-12-02 22:00:32,019 - INFO - Using categorical units to plot a list of strings that are all parsable as floats or dates. If these strings should be plotted as numbers, cast to the appropriate data type before plotting.
2025-12-02 22:00:32,019 - INFO - Using categorical units to plot a list of strings that are all parsable as floats or dates. If these strings should be plotted as numbers, cast to the appropriate data type before plotting.
2025-12-02 22:00:32,582 - INFO - Beautiful static plot saved: bpc-157_comprehensive_analysis.png
2025-12-02 22:00:32,706 - INFO - Interactive dashboard saved: bpc-157_interactive_dashboard.html
2025-12-02 22:00:32,706 - INFO - Exporting data...
2025-12-02 22:00:32,713 - INFO - 
============================================================
2025-12-02 22:00:32,713 - INFO - MODEL PERFORMANCE SUMMARY
2025-12-02 22:00:32,713 - INFO - ============================================================
2025-12-02 22:00:32,714 - INFO -                       rmse       mae        r2        mape
Attention_LSTM    1.170108  1.022035 -1.400454   72.112420
Transformer       1.280599  1.141640 -2.630728   88.457574
Deep_MLP          0.645167  0.538439  0.466955   33.552011
RandomForest      1.306858  1.113071 -3.001480   75.404034
GradientBoosting  1.539706  1.342165 -6.660744   99.136331
ExtraTrees        1.653662  1.441183 -9.114796  109.228501
ARIMA             1.292961  1.100414 -2.271905   72.925951
ExpSmoothing      1.773942  1.405953 -3.130271   78.335168
2025-12-02 22:00:32,714 - INFO - ============================================================
2025-12-02 22:00:32,714 - INFO - 
============================================================
2025-12-02 22:00:32,715 - INFO - FEATURE IMPORTANCE (Random Forest)
2025-12-02 22:00:32,715 - INFO - ============================================================
2025-12-02 22:00:32,753 - INFO -             Feature  Importance
29         Residual    0.199362
28         Seasonal    0.125169
9            Lag_12    0.109788
25            EMA_3    0.079995
18  Rolling_Mean_12    0.046830
15    Rolling_Std_6    0.045770
19   Rolling_Std_12    0.045287
8             Lag_6    0.043295
14   Rolling_Mean_6    0.036469
27            Trend    0.035193
10   Rolling_Mean_3    0.032694
26           EMA_12    0.031937
11    Rolling_Std_3    0.023407
24       Momentum_6    0.019968
22      Momentum_12    0.019175
12    Rolling_Min_3    0.013693
23       YoY_Growth    0.012088
7             Lag_3    0.011391
3       Sin_Quarter    0.011240
6             Lag_2    0.011174
2         Cos_Month    0.011153
13    Rolling_Max_3    0.008649
1         Sin_Month    0.006152
5             Lag_1    0.006099
17    Rolling_Max_6    0.003896
4       Cos_Quarter    0.003345
0             Count    0.003208
21   Rolling_Max_12    0.002911
16    Rolling_Min_6    0.000345
20   Rolling_Min_12    0.000317
2025-12-02 22:00:32,754 - INFO - ============================================================
2025-12-02 22:00:32,754 - INFO - 
============================================================
2025-12-02 22:00:32,754 - INFO - FEATURE IMPORTANCE (Gradient Boosting)
2025-12-02 22:00:32,754 - INFO - ============================================================
2025-12-02 22:00:32,756 - INFO -             Feature  Importance
9            Lag_12    0.251972
28         Seasonal    0.169404
29         Residual    0.147396
25            EMA_3    0.069085
8             Lag_6    0.052342
27            Trend    0.051098
19   Rolling_Std_12    0.042805
14   Rolling_Mean_6    0.027205
11    Rolling_Std_3    0.021402
10   Rolling_Mean_3    0.019591
7             Lag_3    0.017863
26           EMA_12    0.017392
22      Momentum_12    0.016419
17    Rolling_Max_6    0.013162
15    Rolling_Std_6    0.012288
2         Cos_Month    0.011470
1         Sin_Month    0.009136
5             Lag_1    0.008767
24       Momentum_6    0.008297
23       YoY_Growth    0.007568
13    Rolling_Max_3    0.007510
18  Rolling_Mean_12    0.006070
3       Sin_Quarter    0.005143
6             Lag_2    0.003188
12    Rolling_Min_3    0.001092
21   Rolling_Max_12    0.000734
20   Rolling_Min_12    0.000715
4       Cos_Quarter    0.000484
0             Count    0.000205
16    Rolling_Min_6    0.000195
2025-12-02 22:00:32,758 - INFO - ============================================================
2025-12-02 22:00:32,758 - INFO - Generating comprehensive report...
2025-12-02 22:00:32,760 - INFO - Comprehensive report saved: bpc-157_report.html
2025-12-02 22:05:19,391 - INFO - Loading cached data from BPC-157_raw_data.csv
2025-12-02 22:05:19,419 - INFO - Data cached to BPC-157_raw_data.csv
2025-12-02 22:05:19,419 - INFO - Total data points: 72
2025-12-02 22:05:19,420 - INFO - Engineering advanced features...
2025-12-02 22:05:19,443 - INFO - Features engineered. Shape: (47, 34) (dropped 25 rows with NaN)
2025-12-02 22:05:19,443 - INFO - Using 1 features
2025-12-02 22:05:19,446 - INFO - Prepared 35 sequences
2025-12-02 22:05:19,452 - INFO - Using 30 features
2025-12-02 22:05:19,454 - INFO - Prepared 35 sequences
2025-12-02 22:05:19,454 - INFO - Training advanced model ensemble...
2025-12-02 22:05:19,454 - INFO - Training Attention LSTM...
2025-12-02 22:05:20,569 - INFO - Early stopping at epoch 31
2025-12-02 22:05:20,569 - INFO - Training Transformer...
2025-12-02 22:05:22,134 - INFO - Early stopping at epoch 61
2025-12-02 22:05:22,134 - INFO - Training Deep MLP...
2025-12-02 22:05:22,731 - INFO - Early stopping at epoch 73
2025-12-02 22:05:22,731 - INFO - Training Random Forest...
2025-12-02 22:05:22,895 - INFO - Training Gradient Boosting...
2025-12-02 22:05:23,245 - INFO - Training Extra Trees...
2025-12-02 22:05:23,400 - INFO - Training ARIMA...
2025-12-02 22:05:23,826 - INFO - Best ARIMA order: (2, 0, 2), AIC: 167.89
2025-12-02 22:05:23,826 - INFO - Training Exponential Smoothing...
2025-12-02 22:05:23,856 - INFO - Trained 8 models successfully
2025-12-02 22:05:23,856 - INFO - Evaluating models with time series cross-validation...
2025-12-02 22:05:23,856 - INFO - Evaluating Attention_LSTM...
2025-12-02 22:05:23,864 - INFO - Attention_LSTM - RMSE: 1.15, MAE: 0.99, R²: -1.160, MAPE: 67.69%
2025-12-02 22:05:23,864 - INFO - Evaluating Transformer...
2025-12-02 22:05:23,875 - INFO - Transformer - RMSE: 1.24, MAE: 1.10, R²: -2.128, MAPE: 81.33%
2025-12-02 22:05:23,875 - INFO - Evaluating Deep_MLP...
2025-12-02 22:05:23,880 - INFO - Deep_MLP - RMSE: 0.69, MAE: 0.57, R²: -0.151, MAPE: 44.16%
2025-12-02 22:05:23,880 - INFO - Evaluating RandomForest...
2025-12-02 22:05:24,498 - INFO - RandomForest - RMSE: 1.29, MAE: 1.11, R²: -2.776, MAPE: 76.06%
2025-12-02 22:05:24,498 - INFO - Evaluating GradientBoosting...
2025-12-02 22:05:25,388 - INFO - GradientBoosting - RMSE: 1.47, MAE: 1.22, R²: -3.832, MAPE: 80.04%
2025-12-02 22:05:25,389 - INFO - Evaluating ExtraTrees...
2025-12-02 22:05:25,901 - INFO - ExtraTrees - RMSE: 1.64, MAE: 1.42, R²: -8.584, MAPE: 107.63%
2025-12-02 22:05:25,901 - INFO - Evaluating ARIMA...
2025-12-02 22:05:26,239 - INFO - Best ARIMA order: (0, 0, 0), AIC: 85.76
2025-12-02 22:05:26,582 - INFO - Best ARIMA order: (0, 1, 1), AIC: 102.54
2025-12-02 22:05:26,935 - INFO - Best ARIMA order: (0, 1, 1), AIC: 118.58
2025-12-02 22:05:27,269 - INFO - Best ARIMA order: (0, 1, 1), AIC: 132.31
2025-12-02 22:05:27,630 - INFO - Best ARIMA order: (0, 1, 1), AIC: 148.07
2025-12-02 22:05:27,631 - INFO - ARIMA - RMSE: 1.29, MAE: 1.10, R²: -2.272, MAPE: 72.93%
2025-12-02 22:05:27,631 - INFO - Evaluating ExpSmoothing...
2025-12-02 22:05:27,632 - WARNING - Fold 0 failed for ExpSmoothing: Cannot compute initial seasonals using heuristic method with less than two full seasonal cycles in the data.
2025-12-02 22:05:27,753 - INFO - ExpSmoothing - RMSE: 1.77, MAE: 1.41, R²: -3.130, MAPE: 78.34%
2025-12-02 22:05:27,754 - INFO - Generating predictions from all models...
2025-12-02 22:05:27,755 - INFO - Applying growth bias: inf% per year
2025-12-02 22:05:27,755 - INFO - Predicting with Attention_LSTM...
2025-12-02 22:05:27,773 - INFO - Predicting with Transformer...
2025-12-02 22:05:27,811 - INFO - Predicting with Deep_MLP...
2025-12-02 22:05:27,825 - INFO - Predicting with RandomForest...
2025-12-02 22:05:28,692 - INFO - Predicting with GradientBoosting...
2025-12-02 22:05:28,698 - INFO - Predicting with ExtraTrees...
2025-12-02 22:05:29,566 - INFO - Predicting with ARIMA...
2025-12-02 22:05:29,568 - INFO - Predicting with ExpSmoothing...
2025-12-02 22:05:29,570 - INFO - Ensemble predictions generated: Mean=inf, Std=nan, Growth=nan%
2025-12-02 22:05:29,570 - INFO - Generating visualizations...
2025-12-02 22:05:29,805 - ERROR - Failed to process BPC-157: cannot convert float infinity to integer
Traceback (most recent call last):
  File "/Users/a2938/Library/CloudStorage/OneDrive-JohnsHopkins/peptide_map/test.py", line 1447, in main
    forecaster.plot_and_export(metrics)
    ~~~~~~~~~~~~~~~~~~~~~~~~~~^^^^^^^^^
  File "/Users/a2938/Library/CloudStorage/OneDrive-JohnsHopkins/peptide_map/test.py", line 1086, in plot_and_export
    create_beautiful_static_plots(
    ~~~~~~~~~~~~~~~~~~~~~~~~~~~~~^
        df_for_plot, self.ensemble_preds, self.parameter,
        ^^^^^^^^^^^^^^^^^^^^^^^^^^^^^^^^^^^^^^^^^^^^^^^^^
        self.future_months
        ^^^^^^^^^^^^^^^^^^
    )
    ^
  File "/Users/a2938/Library/CloudStorage/OneDrive-JohnsHopkins/peptide_map/test.py", line 283, in create_beautiful_static_plots
    f'{int(height)}', ha='center', va='bottom', fontsize=9, color='#A23B72', fontweight='bold')
       ~~~^^^^^^^^
OverflowError: cannot convert float infinity to integer
2025-12-02 22:06:21,342 - INFO - Loading cached data from BPC-157_raw_data.csv
2025-12-02 22:06:21,362 - INFO - Data cached to BPC-157_raw_data.csv
2025-12-02 22:06:21,362 - INFO - Total data points: 72
2025-12-02 22:06:21,363 - INFO - Engineering advanced features...
2025-12-02 22:06:21,376 - INFO - Features engineered. Shape: (47, 34) (dropped 25 rows with NaN)
2025-12-02 22:06:21,377 - INFO - Using 1 features
2025-12-02 22:06:21,381 - INFO - Prepared 35 sequences
2025-12-02 22:06:21,388 - INFO - Using 30 features
2025-12-02 22:06:21,390 - INFO - Prepared 35 sequences
2025-12-02 22:06:21,390 - INFO - Training advanced model ensemble...
2025-12-02 22:06:21,390 - INFO - Training Attention LSTM...
2025-12-02 22:06:22,706 - INFO - Early stopping at epoch 50
2025-12-02 22:06:22,706 - INFO - Training Transformer...
2025-12-02 22:06:23,597 - INFO - Early stopping at epoch 34
2025-12-02 22:06:23,597 - INFO - Training Deep MLP...
2025-12-02 22:06:24,211 - INFO - Early stopping at epoch 82
2025-12-02 22:06:24,211 - INFO - Training Random Forest...
2025-12-02 22:06:24,351 - INFO - Training Gradient Boosting...
2025-12-02 22:06:24,755 - INFO - Training Extra Trees...
2025-12-02 22:06:24,832 - INFO - Training ARIMA...
2025-12-02 22:06:25,260 - INFO - Best ARIMA order: (2, 0, 2), AIC: 167.89
2025-12-02 22:06:25,260 - INFO - Training Exponential Smoothing...
2025-12-02 22:06:25,290 - INFO - Trained 8 models successfully
2025-12-02 22:06:25,290 - INFO - Evaluating models with time series cross-validation...
2025-12-02 22:06:25,290 - INFO - Evaluating Attention_LSTM...
2025-12-02 22:06:25,298 - INFO - Attention_LSTM - RMSE: 1.17, MAE: 1.02, R²: -1.402, MAPE: 72.19%
2025-12-02 22:06:25,299 - INFO - Evaluating Transformer...
2025-12-02 22:06:25,309 - INFO - Transformer - RMSE: 1.19, MAE: 1.05, R²: -1.602, MAPE: 74.65%
2025-12-02 22:06:25,309 - INFO - Evaluating Deep_MLP...
2025-12-02 22:06:25,314 - INFO - Deep_MLP - RMSE: 0.72, MAE: 0.61, R²: -0.102, MAPE: 44.03%
2025-12-02 22:06:25,314 - INFO - Evaluating RandomForest...
2025-12-02 22:06:25,976 - INFO - RandomForest - RMSE: 1.35, MAE: 1.17, R²: -3.758, MAPE: 82.27%
2025-12-02 22:06:25,976 - INFO - Evaluating GradientBoosting...
2025-12-02 22:06:26,905 - INFO - GradientBoosting - RMSE: 1.40, MAE: 1.20, R²: -4.605, MAPE: 86.11%
2025-12-02 22:06:26,905 - INFO - Evaluating ExtraTrees...
2025-12-02 22:06:27,382 - INFO - ExtraTrees - RMSE: 1.63, MAE: 1.42, R²: -8.580, MAPE: 107.81%
2025-12-02 22:06:27,382 - INFO - Evaluating ARIMA...
2025-12-02 22:06:27,786 - INFO - Best ARIMA order: (0, 0, 0), AIC: 85.76
2025-12-02 22:06:28,133 - INFO - Best ARIMA order: (0, 1, 1), AIC: 102.54
2025-12-02 22:06:28,553 - INFO - Best ARIMA order: (0, 1, 1), AIC: 118.58
2025-12-02 22:06:29,300 - INFO - Best ARIMA order: (0, 1, 1), AIC: 132.31
2025-12-02 22:06:29,741 - INFO - Best ARIMA order: (0, 1, 1), AIC: 148.07
2025-12-02 22:06:29,742 - INFO - ARIMA - RMSE: 1.29, MAE: 1.10, R²: -2.272, MAPE: 72.93%
2025-12-02 22:06:29,743 - INFO - Evaluating ExpSmoothing...
2025-12-02 22:06:29,743 - WARNING - Fold 0 failed for ExpSmoothing: Cannot compute initial seasonals using heuristic method with less than two full seasonal cycles in the data.
2025-12-02 22:06:29,953 - INFO - ExpSmoothing - RMSE: 1.77, MAE: 1.41, R²: -3.130, MAPE: 78.34%
2025-12-02 22:06:29,953 - INFO - Generating predictions from all models...
2025-12-02 22:06:29,956 - INFO - Applying growth bias: inf% per year
2025-12-02 22:06:29,956 - INFO - Predicting with Attention_LSTM...
2025-12-02 22:06:29,988 - INFO - Predicting with Transformer...
2025-12-02 22:06:30,024 - INFO - Predicting with Deep_MLP...
2025-12-02 22:06:30,032 - INFO - Predicting with RandomForest...
2025-12-02 22:06:31,035 - INFO - Predicting with GradientBoosting...
2025-12-02 22:06:31,041 - INFO - Predicting with ExtraTrees...
2025-12-02 22:06:32,028 - INFO - Predicting with ARIMA...
2025-12-02 22:06:32,031 - INFO - Predicting with ExpSmoothing...
2025-12-02 22:06:32,033 - INFO - Ensemble predictions generated: Mean=inf, Std=nan, Growth=nan%
2025-12-02 22:06:32,033 - INFO - Generating visualizations...
2025-12-02 22:06:32,314 - INFO - Using categorical units to plot a list of strings that are all parsable as floats or dates. If these strings should be plotted as numbers, cast to the appropriate data type before plotting.
2025-12-02 22:06:32,315 - INFO - Using categorical units to plot a list of strings that are all parsable as floats or dates. If these strings should be plotted as numbers, cast to the appropriate data type before plotting.
2025-12-02 22:06:32,933 - INFO - Beautiful static plot saved: BPC-157_comprehensive_analysis.png
2025-12-02 22:06:33,054 - INFO - Interactive dashboard saved: BPC-157_interactive_dashboard.html
2025-12-02 22:06:33,055 - INFO - Exporting data...
2025-12-02 22:06:33,061 - INFO - 
============================================================
2025-12-02 22:06:33,061 - INFO - MODEL PERFORMANCE SUMMARY
2025-12-02 22:06:33,061 - INFO - ============================================================
2025-12-02 22:06:33,062 - INFO -                       rmse       mae        r2        mape
Attention_LSTM    1.170794  1.022718 -1.402294   72.186197
Transformer       1.190855  1.048120 -1.602442   74.649252
Deep_MLP          0.717776  0.614067 -0.102445   44.033837
RandomForest      1.345460  1.167293 -3.757744   82.270663
GradientBoosting  1.401159  1.195794 -4.604697   86.106805
ExtraTrees        1.630732  1.422483 -8.579821  107.812556
ARIMA             1.292961  1.100414 -2.271905   72.925951
ExpSmoothing      1.773942  1.405953 -3.130271   78.335168
2025-12-02 22:06:33,062 - INFO - ============================================================
2025-12-02 22:06:33,062 - INFO - 
============================================================
2025-12-02 22:06:33,062 - INFO - FEATURE IMPORTANCE (Random Forest)
2025-12-02 22:06:33,062 - INFO - ============================================================
2025-12-02 22:06:33,096 - INFO -             Feature  Importance
29         Residual    0.222576
9            Lag_12    0.128206
28         Seasonal    0.091294
25            EMA_3    0.084196
18  Rolling_Mean_12    0.055863
19   Rolling_Std_12    0.055000
15    Rolling_Std_6    0.048333
11    Rolling_Std_3    0.039779
10   Rolling_Mean_3    0.039480
26           EMA_12    0.027908
27            Trend    0.026758
22      Momentum_12    0.018770
8             Lag_6    0.018610
14   Rolling_Mean_6    0.016158
12    Rolling_Min_3    0.013488
7             Lag_3    0.011586
3       Sin_Quarter    0.011447
24       Momentum_6    0.010795
2         Cos_Month    0.010179
23       YoY_Growth    0.009867
6             Lag_2    0.008849
5             Lag_1    0.008828
13    Rolling_Max_3    0.008746
1         Sin_Month    0.008005
21   Rolling_Max_12    0.007948
17    Rolling_Max_6    0.007703
4       Cos_Quarter    0.004121
0             Count    0.003957
16    Rolling_Min_6    0.001280
20   Rolling_Min_12    0.000270
2025-12-02 22:06:33,097 - INFO - ============================================================
2025-12-02 22:06:33,097 - INFO - 
============================================================
2025-12-02 22:06:33,097 - INFO - FEATURE IMPORTANCE (Gradient Boosting)
2025-12-02 22:06:33,097 - INFO - ============================================================
2025-12-02 22:06:33,099 - INFO -             Feature  Importance
9            Lag_12    0.200005
29         Residual    0.160158
10   Rolling_Mean_3    0.082041
25            EMA_3    0.077979
19   Rolling_Std_12    0.065399
18  Rolling_Mean_12    0.062759
27            Trend    0.049534
28         Seasonal    0.040927
15    Rolling_Std_6    0.039248
21   Rolling_Max_12    0.028072
8             Lag_6    0.025928
14   Rolling_Mean_6    0.025817
26           EMA_12    0.016280
24       Momentum_6    0.016202
11    Rolling_Std_3    0.015937
22      Momentum_12    0.015828
2         Cos_Month    0.014317
23       YoY_Growth    0.013670
13    Rolling_Max_3    0.012681
6             Lag_2    0.008566
7             Lag_3    0.007041
5             Lag_1    0.006321
16    Rolling_Min_6    0.004894
17    Rolling_Max_6    0.003827
0             Count    0.003507
4       Cos_Quarter    0.001756
1         Sin_Month    0.000917
12    Rolling_Min_3    0.000322
3       Sin_Quarter    0.000062
20   Rolling_Min_12    0.000006
2025-12-02 22:06:33,100 - INFO - ============================================================
2025-12-02 22:06:33,100 - INFO - Generating comprehensive report...
2025-12-02 22:06:33,102 - INFO - Comprehensive report saved: BPC-157_report.html
2025-12-02 22:07:07,597 - INFO - Loading cached data from BPC-157_raw_data.csv
2025-12-02 22:07:07,614 - INFO - Data cached to BPC-157_raw_data.csv
2025-12-02 22:07:07,614 - INFO - Total data points: 72
2025-12-02 22:07:07,614 - INFO - Engineering advanced features...
2025-12-02 22:07:07,627 - INFO - Features engineered. Shape: (47, 34) (dropped 25 rows with NaN)
2025-12-02 22:07:07,627 - INFO - Using 1 features
2025-12-02 22:07:07,630 - INFO - Prepared 35 sequences
2025-12-02 22:07:07,635 - INFO - Using 30 features
2025-12-02 22:07:07,637 - INFO - Prepared 35 sequences
2025-12-02 22:07:07,637 - INFO - Training advanced model ensemble...
2025-12-02 22:07:07,637 - INFO - Training Attention LSTM...
2025-12-02 22:07:08,742 - INFO - Early stopping at epoch 27
2025-12-02 22:07:08,742 - INFO - Training Transformer...
2025-12-02 22:07:10,059 - INFO - Early stopping at epoch 53
2025-12-02 22:07:10,059 - INFO - Training Deep MLP...
2025-12-02 22:07:10,906 - INFO - Early stopping at epoch 116
2025-12-02 22:07:10,907 - INFO - Training Random Forest...
2025-12-02 22:07:11,030 - INFO - Training Gradient Boosting...
2025-12-02 22:07:11,365 - INFO - Training Extra Trees...
2025-12-02 22:07:11,442 - INFO - Training ARIMA...
2025-12-02 22:07:11,840 - INFO - Best ARIMA order: (2, 0, 2), AIC: 167.89
2025-12-02 22:07:11,840 - INFO - Training Exponential Smoothing...
2025-12-02 22:07:11,869 - INFO - Trained 8 models successfully
2025-12-02 22:07:11,869 - INFO - Evaluating models with time series cross-validation...
2025-12-02 22:07:11,869 - INFO - Evaluating Attention_LSTM...
2025-12-02 22:07:11,877 - INFO - Attention_LSTM - RMSE: 1.17, MAE: 1.03, R²: -1.444, MAPE: 72.89%
2025-12-02 22:07:11,877 - INFO - Evaluating Transformer...
2025-12-02 22:07:11,885 - INFO - Transformer - RMSE: 1.20, MAE: 1.06, R²: -1.656, MAPE: 74.89%
2025-12-02 22:07:11,885 - INFO - Evaluating Deep_MLP...
2025-12-02 22:07:11,891 - INFO - Deep_MLP - RMSE: 0.70, MAE: 0.63, R²: -0.200, MAPE: 48.01%
2025-12-02 22:07:11,891 - INFO - Evaluating RandomForest...
2025-12-02 22:07:12,487 - INFO - RandomForest - RMSE: 1.36, MAE: 1.16, R²: -3.616, MAPE: 79.25%
2025-12-02 22:07:12,487 - INFO - Evaluating GradientBoosting...
2025-12-02 22:07:13,371 - INFO - GradientBoosting - RMSE: 1.63, MAE: 1.43, R²: -8.108, MAPE: 107.88%
2025-12-02 22:07:13,371 - INFO - Evaluating ExtraTrees...
2025-12-02 22:07:13,825 - INFO - ExtraTrees - RMSE: 1.59, MAE: 1.38, R²: -7.915, MAPE: 105.20%
2025-12-02 22:07:13,825 - INFO - Evaluating ARIMA...
2025-12-02 22:07:14,182 - INFO - Best ARIMA order: (0, 0, 0), AIC: 85.76
2025-12-02 22:07:14,484 - INFO - Best ARIMA order: (0, 1, 1), AIC: 102.54
2025-12-02 22:07:14,808 - INFO - Best ARIMA order: (0, 1, 1), AIC: 118.58
2025-12-02 22:07:15,137 - INFO - Best ARIMA order: (0, 1, 1), AIC: 132.31
2025-12-02 22:07:15,480 - INFO - Best ARIMA order: (0, 1, 1), AIC: 148.07
2025-12-02 22:07:15,481 - INFO - ARIMA - RMSE: 1.29, MAE: 1.10, R²: -2.272, MAPE: 72.93%
2025-12-02 22:07:15,481 - INFO - Evaluating ExpSmoothing...
2025-12-02 22:07:15,481 - WARNING - Fold 0 failed for ExpSmoothing: Cannot compute initial seasonals using heuristic method with less than two full seasonal cycles in the data.
2025-12-02 22:07:15,602 - INFO - ExpSmoothing - RMSE: 1.77, MAE: 1.41, R²: -3.130, MAPE: 78.34%
2025-12-02 22:07:15,603 - INFO - Generating predictions from all models...
2025-12-02 22:07:15,604 - INFO - Applying growth bias: inf% per year
2025-12-02 22:07:15,604 - INFO - Predicting with Attention_LSTM...
2025-12-02 22:07:15,621 - INFO - Predicting with Transformer...
2025-12-02 22:07:15,663 - INFO - Predicting with Deep_MLP...
2025-12-02 22:07:15,688 - INFO - Predicting with RandomForest...
2025-12-02 22:07:16,516 - INFO - Predicting with GradientBoosting...
2025-12-02 22:07:16,522 - INFO - Predicting with ExtraTrees...
2025-12-02 22:07:17,358 - INFO - Predicting with ARIMA...
2025-12-02 22:07:17,359 - INFO - Predicting with ExpSmoothing...
2025-12-02 22:07:17,361 - INFO - Ensemble predictions generated: Mean=inf, Std=nan, Growth=nan%
2025-12-02 22:07:17,361 - INFO - Generating visualizations...
2025-12-02 22:07:17,587 - INFO - Using categorical units to plot a list of strings that are all parsable as floats or dates. If these strings should be plotted as numbers, cast to the appropriate data type before plotting.
2025-12-02 22:07:17,588 - INFO - Using categorical units to plot a list of strings that are all parsable as floats or dates. If these strings should be plotted as numbers, cast to the appropriate data type before plotting.
2025-12-02 22:07:18,211 - INFO - Beautiful static plot saved: BPC-157_comprehensive_analysis.png
2025-12-02 22:07:18,344 - INFO - Interactive dashboard saved: BPC-157_interactive_dashboard.html
2025-12-02 22:07:18,345 - INFO - Exporting data...
2025-12-02 22:07:18,350 - INFO - 
============================================================
2025-12-02 22:07:18,350 - INFO - MODEL PERFORMANCE SUMMARY
2025-12-02 22:07:18,350 - INFO - ============================================================
2025-12-02 22:07:18,352 - INFO -                       rmse       mae        r2        mape
Attention_LSTM    1.174231  1.027121 -1.444176   72.889940
Transformer       1.200315  1.056225 -1.655708   74.885760
Deep_MLP          0.702095  0.625910 -0.199662   48.005133
RandomForest      1.356220  1.156336 -3.616197   79.252653
GradientBoosting  1.634780  1.433497 -8.107634  107.876365
ExtraTrees        1.592060  1.381800 -7.915007  105.203001
ARIMA             1.292961  1.100414 -2.271905   72.925951
ExpSmoothing      1.773942  1.405953 -3.130271   78.335168
2025-12-02 22:07:18,352 - INFO - ============================================================
2025-12-02 22:07:18,352 - INFO - 
============================================================
2025-12-02 22:07:18,352 - INFO - FEATURE IMPORTANCE (Random Forest)
2025-12-02 22:07:18,352 - INFO - ============================================================
2025-12-02 22:07:18,383 - INFO -             Feature  Importance
29         Residual    0.180055
9            Lag_12    0.102669
28         Seasonal    0.101893
25            EMA_3    0.080824
18  Rolling_Mean_12    0.074364
19   Rolling_Std_12    0.051647
10   Rolling_Mean_3    0.048373
14   Rolling_Mean_6    0.040381
8             Lag_6    0.037819
15    Rolling_Std_6    0.037712
26           EMA_12    0.033073
11    Rolling_Std_3    0.030386
12    Rolling_Min_3    0.021679
27            Trend    0.019724
1         Sin_Month    0.017869
22      Momentum_12    0.017017
7             Lag_3    0.014319
13    Rolling_Max_3    0.013842
23       YoY_Growth    0.013366
24       Momentum_6    0.012023
2         Cos_Month    0.011525
6             Lag_2    0.009183
5             Lag_1    0.007019
4       Cos_Quarter    0.006378
21   Rolling_Max_12    0.004843
3       Sin_Quarter    0.003654
0             Count    0.003567
17    Rolling_Max_6    0.002880
20   Rolling_Min_12    0.001024
16    Rolling_Min_6    0.000894
2025-12-02 22:07:18,384 - INFO - ============================================================
2025-12-02 22:07:18,384 - INFO - 
============================================================
2025-12-02 22:07:18,384 - INFO - FEATURE IMPORTANCE (Gradient Boosting)
2025-12-02 22:07:18,384 - INFO - ============================================================
2025-12-02 22:07:18,385 - INFO -             Feature  Importance
29         Residual    0.138968
25            EMA_3    0.128596
28         Seasonal    0.107927
18  Rolling_Mean_12    0.105801
9            Lag_12    0.098646
11    Rolling_Std_3    0.056699
1         Sin_Month    0.049466
27            Trend    0.034971
8             Lag_6    0.033539
10   Rolling_Mean_3    0.031883
15    Rolling_Std_6    0.031218
13    Rolling_Max_3    0.028495
4       Cos_Quarter    0.019228
26           EMA_12    0.019110
19   Rolling_Std_12    0.017675
14   Rolling_Mean_6    0.017053
22      Momentum_12    0.012930
17    Rolling_Max_6    0.012727
7             Lag_3    0.010937
24       Momentum_6    0.009769
23       YoY_Growth    0.008893
0             Count    0.007076
5             Lag_1    0.006190
2         Cos_Month    0.003023
6             Lag_2    0.002859
21   Rolling_Max_12    0.002781
3       Sin_Quarter    0.002460
12    Rolling_Min_3    0.001023
16    Rolling_Min_6    0.000046
20   Rolling_Min_12    0.000012
2025-12-02 22:07:18,386 - INFO - ============================================================
2025-12-02 22:07:18,386 - INFO - Generating comprehensive report...
2025-12-02 22:07:18,387 - INFO - Comprehensive report saved: BPC-157_report.html
2025-12-02 22:20:26,580 - INFO - Loading cached data from BPC-157_raw_data.csv
2025-12-02 22:20:26,630 - INFO - Data cached to BPC-157_raw_data.csv
2025-12-02 22:20:26,630 - INFO - Total data points: 72
2025-12-02 22:20:26,631 - INFO - Engineering advanced features...
2025-12-02 22:20:26,649 - INFO - Features engineered. Shape: (47, 34) (dropped 25 rows with NaN)
2025-12-02 22:20:26,649 - INFO - Using 1 features
2025-12-02 22:20:26,663 - INFO - Prepared 35 sequences
2025-12-02 22:20:26,670 - INFO - Using 30 features
2025-12-02 22:20:26,672 - INFO - Prepared 35 sequences
2025-12-02 22:20:26,673 - INFO - Training advanced model ensemble...
2025-12-02 22:20:26,673 - INFO - Training Attention LSTM...
2025-12-02 22:20:28,066 - INFO - Early stopping at epoch 27
2025-12-02 22:20:28,067 - INFO - Training Transformer...
2025-12-02 22:20:29,079 - INFO - Early stopping at epoch 32
2025-12-02 22:20:29,079 - INFO - Training Deep MLP...
2025-12-02 22:20:29,615 - INFO - Early stopping at epoch 60
2025-12-02 22:20:29,615 - INFO - Training Random Forest...
2025-12-02 22:20:29,785 - INFO - Training Gradient Boosting...
2025-12-02 22:20:30,290 - INFO - Training Extra Trees...
2025-12-02 22:20:30,384 - INFO - Training ARIMA...
2025-12-02 22:20:30,918 - INFO - Best ARIMA order: (2, 0, 2), AIC: 167.89
2025-12-02 22:20:30,919 - INFO - Training Exponential Smoothing...
2025-12-02 22:20:30,956 - INFO - Trained 8 models successfully
2025-12-02 22:20:30,956 - INFO - Evaluating models with time series cross-validation...
2025-12-02 22:20:30,956 - INFO - Evaluating Attention_LSTM...
2025-12-02 22:20:30,966 - INFO - Attention_LSTM - RMSE: 1.18, MAE: 1.03, R²: -1.515, MAPE: 74.07%
2025-12-02 22:20:30,967 - INFO - Evaluating Transformer...
2025-12-02 22:20:30,980 - INFO - Transformer - RMSE: 1.16, MAE: 1.00, R²: -1.222, MAPE: 67.89%
2025-12-02 22:20:30,980 - INFO - Evaluating Deep_MLP...
2025-12-02 22:20:30,986 - INFO - Deep_MLP - RMSE: 0.59, MAE: 0.50, R²: 0.210, MAPE: 40.25%
2025-12-02 22:20:30,986 - INFO - Evaluating RandomForest...
2025-12-02 22:20:31,862 - INFO - RandomForest - RMSE: 1.35, MAE: 1.15, R²: -3.477, MAPE: 79.75%
2025-12-02 22:20:31,862 - INFO - Evaluating GradientBoosting...
2025-12-02 22:20:33,048 - INFO - GradientBoosting - RMSE: 1.62, MAE: 1.38, R²: -6.648, MAPE: 96.44%
2025-12-02 22:20:33,048 - INFO - Evaluating ExtraTrees...
2025-12-02 22:20:33,616 - INFO - ExtraTrees - RMSE: 1.60, MAE: 1.39, R²: -7.851, MAPE: 105.02%
2025-12-02 22:20:33,617 - INFO - Evaluating ARIMA...
2025-12-02 22:20:34,055 - INFO - Best ARIMA order: (0, 0, 0), AIC: 85.76
2025-12-02 22:20:34,482 - INFO - Best ARIMA order: (0, 1, 1), AIC: 102.54
2025-12-02 22:20:34,918 - INFO - Best ARIMA order: (0, 1, 1), AIC: 118.58
2025-12-02 22:20:35,355 - INFO - Best ARIMA order: (0, 1, 1), AIC: 132.31
2025-12-02 22:20:35,836 - INFO - Best ARIMA order: (0, 1, 1), AIC: 148.07
2025-12-02 22:20:35,838 - INFO - ARIMA - RMSE: 1.29, MAE: 1.10, R²: -2.272, MAPE: 72.93%
2025-12-02 22:20:35,838 - INFO - Evaluating ExpSmoothing...
2025-12-02 22:20:35,839 - WARNING - Fold 0 failed for ExpSmoothing: Cannot compute initial seasonals using heuristic method with less than two full seasonal cycles in the data.
2025-12-02 22:20:36,003 - INFO - ExpSmoothing - RMSE: 1.77, MAE: 1.41, R²: -3.130, MAPE: 78.34%
2025-12-02 22:20:36,004 - INFO - Generating predictions from all models...
2025-12-02 22:20:36,007 - INFO - Applying simulated boom scenario (Base growth: 112.5%)
2025-12-02 22:20:36,008 - INFO - Predicting with Attention_LSTM...
2025-12-02 22:20:36,056 - INFO - Predicting with Transformer...
2025-12-02 22:20:36,100 - INFO - Predicting with Deep_MLP...
2025-12-02 22:20:36,113 - INFO - Predicting with RandomForest...
2025-12-02 22:20:37,109 - INFO - Predicting with GradientBoosting...
2025-12-02 22:20:37,117 - INFO - Predicting with ExtraTrees...
2025-12-02 22:20:38,099 - INFO - Predicting with ARIMA...
2025-12-02 22:20:38,102 - INFO - Predicting with ExpSmoothing...
2025-12-02 22:20:38,103 - INFO - Ensemble predictions generated: Mean=41.7, Std=56.2, Growth=12026.3%
2025-12-02 22:20:38,103 - INFO - Generating visualizations...
2025-12-02 22:20:38,459 - INFO - Using categorical units to plot a list of strings that are all parsable as floats or dates. If these strings should be plotted as numbers, cast to the appropriate data type before plotting.
2025-12-02 22:20:38,460 - INFO - Using categorical units to plot a list of strings that are all parsable as floats or dates. If these strings should be plotted as numbers, cast to the appropriate data type before plotting.
2025-12-02 22:20:39,258 - INFO - Beautiful static plot saved: BPC-157_comprehensive_analysis.png
2025-12-02 22:20:39,470 - INFO - Interactive dashboard saved: BPC-157_interactive_dashboard.html
2025-12-02 22:20:39,470 - INFO - Exporting data...
2025-12-02 22:20:39,482 - INFO - 
============================================================
2025-12-02 22:20:39,482 - INFO - MODEL PERFORMANCE SUMMARY
2025-12-02 22:20:39,482 - INFO - ============================================================
2025-12-02 22:20:39,484 - INFO -                       rmse       mae        r2        mape
Attention_LSTM    1.180264  1.034656 -1.515153   74.071713
Transformer       1.160039  1.004321 -1.222263   67.890844
Deep_MLP          0.588564  0.501156  0.209809   40.253631
RandomForest      1.352879  1.154036 -3.476650   79.746547
GradientBoosting  1.619023  1.378820 -6.647609   96.435371
ExtraTrees        1.596744  1.391017 -7.851016  105.015445
ARIMA             1.292961  1.100414 -2.271905   72.925951
ExpSmoothing      1.773942  1.405953 -3.130271   78.335168
2025-12-02 22:20:39,484 - INFO - ============================================================
2025-12-02 22:20:39,484 - INFO - 
============================================================
2025-12-02 22:20:39,484 - INFO - FEATURE IMPORTANCE (Random Forest)
2025-12-02 22:20:39,484 - INFO - ============================================================
2025-12-02 22:20:39,499 - INFO -             Feature  Importance
29         Residual    0.211054
28         Seasonal    0.117622
9            Lag_12    0.096577
18  Rolling_Mean_12    0.081246
25            EMA_3    0.065652
15    Rolling_Std_6    0.043162
19   Rolling_Std_12    0.041985
11    Rolling_Std_3    0.040301
10   Rolling_Mean_3    0.036540
26           EMA_12    0.036161
8             Lag_6    0.035212
14   Rolling_Mean_6    0.032522
27            Trend    0.025457
12    Rolling_Min_3    0.019336
7             Lag_3    0.016988
22      Momentum_12    0.015234
24       Momentum_6    0.013741
13    Rolling_Max_3    0.011506
1         Sin_Month    0.010297
2         Cos_Month    0.010046
5             Lag_1    0.007402
6             Lag_2    0.006980
23       YoY_Growth    0.005994
3       Sin_Quarter    0.005569
0             Count    0.004250
17    Rolling_Max_6    0.003372
20   Rolling_Min_12    0.002685
21   Rolling_Max_12    0.001699
4       Cos_Quarter    0.001410
16    Rolling_Min_6    0.000000
2025-12-02 22:20:39,500 - INFO - ============================================================
2025-12-02 22:20:39,500 - INFO - 
============================================================
2025-12-02 22:20:39,500 - INFO - FEATURE IMPORTANCE (Gradient Boosting)
2025-12-02 22:20:39,500 - INFO - ============================================================
2025-12-02 22:20:39,502 - INFO -             Feature  Importance
29         Residual    0.184383
28         Seasonal    0.148443
9            Lag_12    0.142501
27            Trend    0.089813
18  Rolling_Mean_12    0.060349
19   Rolling_Std_12    0.050707
25            EMA_3    0.049258
8             Lag_6    0.040821
22      Momentum_12    0.039767
11    Rolling_Std_3    0.030547
6             Lag_2    0.023118
26           EMA_12    0.019120
10   Rolling_Mean_3    0.015558
1         Sin_Month    0.013236
15    Rolling_Std_6    0.011450
12    Rolling_Min_3    0.010664
14   Rolling_Mean_6    0.010375
24       Momentum_6    0.010189
7             Lag_3    0.009363
17    Rolling_Max_6    0.008961
21   Rolling_Max_12    0.006336
2         Cos_Month    0.005591
0             Count    0.005421
23       YoY_Growth    0.004605
13    Rolling_Max_3    0.004416
5             Lag_1    0.002581
4       Cos_Quarter    0.001859
3       Sin_Quarter    0.000456
16    Rolling_Min_6    0.000067
20   Rolling_Min_12    0.000043
2025-12-02 22:20:39,503 - INFO - ============================================================
2025-12-02 22:20:39,503 - INFO - Generating comprehensive report...
2025-12-02 22:20:39,505 - INFO - Comprehensive report saved: BPC-157_report.html
2025-12-03 07:08:19,859 - INFO - Loading cached data from BPC-157_raw_data.csv
2025-12-03 07:08:19,932 - INFO - Data cached to BPC-157_raw_data.csv
2025-12-03 07:08:19,932 - INFO - Total data points: 72
2025-12-03 07:08:19,932 - INFO - Engineering advanced features...
2025-12-03 07:08:19,993 - INFO - Features engineered. Shape: (47, 34) (dropped 25 rows with NaN)
2025-12-03 07:08:19,994 - INFO - Using 1 features
2025-12-03 07:08:19,997 - INFO - Prepared 35 sequences
2025-12-03 07:08:20,003 - INFO - Using 30 features
2025-12-03 07:08:20,005 - INFO - Prepared 35 sequences
2025-12-03 07:08:20,005 - INFO - Training advanced model ensemble...
2025-12-03 07:08:20,005 - INFO - Training Attention LSTM...
2025-12-03 07:08:21,385 - INFO - Early stopping at epoch 29
2025-12-03 07:08:21,385 - INFO - Training Transformer...
2025-12-03 07:08:23,852 - INFO - Early stopping at epoch 72
2025-12-03 07:08:23,853 - INFO - Training Deep MLP...
2025-12-03 07:08:25,324 - INFO - Early stopping at epoch 93
2025-12-03 07:08:25,324 - INFO - Training Random Forest...
2025-12-03 07:08:25,657 - INFO - Training Gradient Boosting...
2025-12-03 07:08:26,245 - INFO - Training Extra Trees...
2025-12-03 07:08:26,347 - INFO - Training ARIMA...
2025-12-03 07:08:26,943 - INFO - Best ARIMA order: (2, 0, 2), AIC: 167.89
2025-12-03 07:08:26,943 - INFO - Training Exponential Smoothing...
2025-12-03 07:08:26,995 - INFO - Trained 8 models successfully
2025-12-03 07:08:26,996 - INFO - Evaluating models with time series cross-validation...
2025-12-03 07:08:26,996 - INFO - Evaluating Attention_LSTM...
2025-12-03 07:08:27,014 - INFO - Attention_LSTM - RMSE: 1.18, MAE: 1.03, R²: -1.489, MAPE: 73.67%
2025-12-03 07:08:27,014 - INFO - Evaluating Transformer...
2025-12-03 07:08:27,032 - INFO - Transformer - RMSE: 1.25, MAE: 1.11, R²: -2.148, MAPE: 80.93%
2025-12-03 07:08:27,032 - INFO - Evaluating Deep_MLP...
2025-12-03 07:08:27,042 - INFO - Deep_MLP - RMSE: 0.67, MAE: 0.53, R²: 0.200, MAPE: 32.39%
2025-12-03 07:08:27,042 - INFO - Evaluating RandomForest...
2025-12-03 07:08:28,174 - INFO - RandomForest - RMSE: 1.36, MAE: 1.16, R²: -3.675, MAPE: 80.60%
2025-12-03 07:08:28,175 - INFO - Evaluating GradientBoosting...
2025-12-03 07:08:29,525 - INFO - GradientBoosting - RMSE: 1.42, MAE: 1.20, R²: -4.341, MAPE: 87.30%
2025-12-03 07:08:29,525 - INFO - Evaluating ExtraTrees...
2025-12-03 07:08:30,228 - INFO - ExtraTrees - RMSE: 1.60, MAE: 1.40, R²: -8.226, MAPE: 106.16%
2025-12-03 07:08:30,228 - INFO - Evaluating ARIMA...
2025-12-03 07:08:30,782 - INFO - Best ARIMA order: (0, 0, 0), AIC: 85.76
2025-12-03 07:08:31,205 - INFO - Best ARIMA order: (0, 1, 1), AIC: 102.54
2025-12-03 07:08:31,779 - INFO - Best ARIMA order: (0, 1, 1), AIC: 118.58
2025-12-03 07:08:32,264 - INFO - Best ARIMA order: (0, 1, 1), AIC: 132.31
2025-12-03 07:08:32,730 - INFO - Best ARIMA order: (0, 1, 1), AIC: 148.07
2025-12-03 07:08:32,732 - INFO - ARIMA - RMSE: 1.29, MAE: 1.10, R²: -2.272, MAPE: 72.93%
2025-12-03 07:08:32,732 - INFO - Evaluating ExpSmoothing...
2025-12-03 07:08:32,733 - WARNING - Fold 0 failed for ExpSmoothing: Cannot compute initial seasonals using heuristic method with less than two full seasonal cycles in the data.
2025-12-03 07:08:32,941 - INFO - ExpSmoothing - RMSE: 1.77, MAE: 1.41, R²: -3.130, MAPE: 78.34%
2025-12-03 07:08:32,941 - INFO - Generating predictions from all models...
2025-12-03 07:08:32,945 - INFO - Applying simulated boom scenario (Base growth: 112.5%)
2025-12-03 07:08:32,945 - INFO - Predicting with Attention_LSTM...
2025-12-03 07:08:32,976 - INFO - Predicting with Transformer...
2025-12-03 07:08:33,019 - INFO - Predicting with Deep_MLP...
2025-12-03 07:08:33,029 - INFO - Predicting with RandomForest...
2025-12-03 07:08:33,986 - INFO - Predicting with GradientBoosting...
2025-12-03 07:08:33,997 - INFO - Predicting with ExtraTrees...
2025-12-03 07:08:35,099 - INFO - Predicting with ARIMA...
2025-12-03 07:08:35,102 - INFO - Predicting with ExpSmoothing...
2025-12-03 07:08:35,103 - INFO - Ensemble predictions generated: Mean=41.8, Std=53.7, Growth=10131.2%
2025-12-03 07:08:35,103 - INFO - Generating visualizations...
2025-12-03 07:08:35,505 - INFO - Using categorical units to plot a list of strings that are all parsable as floats or dates. If these strings should be plotted as numbers, cast to the appropriate data type before plotting.
2025-12-03 07:08:35,506 - INFO - Using categorical units to plot a list of strings that are all parsable as floats or dates. If these strings should be plotted as numbers, cast to the appropriate data type before plotting.
2025-12-03 07:08:36,297 - INFO - Beautiful static plot saved: BPC-157_comprehensive_analysis.png
2025-12-03 07:08:36,477 - INFO - Interactive dashboard saved: BPC-157_interactive_dashboard.html
2025-12-03 07:08:36,478 - INFO - Exporting data...
2025-12-03 07:08:36,494 - INFO - 
============================================================
2025-12-03 07:08:36,494 - INFO - MODEL PERFORMANCE SUMMARY
2025-12-03 07:08:36,494 - INFO - ============================================================
2025-12-03 07:08:36,496 - INFO -                       rmse       mae        r2        mape
Attention_LSTM    1.178348  1.032154 -1.489277   73.669067
Transformer       1.249584  1.107794 -2.147772   80.934485
Deep_MLP          0.670018  0.529081  0.199765   32.390277
RandomForest      1.358777  1.163636 -3.674592   80.600251
GradientBoosting  1.417016  1.197548 -4.341389   87.299904
ExtraTrees        1.600506  1.397617 -8.226279  106.163334
ARIMA             1.292961  1.100414 -2.271905   72.925951
ExpSmoothing      1.773942  1.405953 -3.130271   78.335168
2025-12-03 07:08:36,496 - INFO - ============================================================
2025-12-03 07:08:36,496 - INFO - 
============================================================
2025-12-03 07:08:36,496 - INFO - FEATURE IMPORTANCE (Random Forest)
2025-12-03 07:08:36,496 - INFO - ============================================================
2025-12-03 07:08:36,542 - INFO -             Feature  Importance
29         Residual    0.214133
28         Seasonal    0.136342
9            Lag_12    0.108884
25            EMA_3    0.080003
10   Rolling_Mean_3    0.049695
18  Rolling_Mean_12    0.046423
15    Rolling_Std_6    0.045696
8             Lag_6    0.038581
11    Rolling_Std_3    0.038327
27            Trend    0.037071
19   Rolling_Std_12    0.032836
26           EMA_12    0.024829
14   Rolling_Mean_6    0.022553
23       YoY_Growth    0.013836
2         Cos_Month    0.013696
24       Momentum_6    0.012345
22      Momentum_12    0.011312
12    Rolling_Min_3    0.010131
6             Lag_2    0.010106
7             Lag_3    0.009749
13    Rolling_Max_3    0.008544
1         Sin_Month    0.006937
5             Lag_1    0.006937
4       Cos_Quarter    0.006340
3       Sin_Quarter    0.005324
17    Rolling_Max_6    0.003122
16    Rolling_Min_6    0.003089
0             Count    0.002240
21   Rolling_Max_12    0.000921
20   Rolling_Min_12    0.000000
2025-12-03 07:08:36,543 - INFO - ============================================================
2025-12-03 07:08:36,543 - INFO - 
============================================================
2025-12-03 07:08:36,543 - INFO - FEATURE IMPORTANCE (Gradient Boosting)
2025-12-03 07:08:36,543 - INFO - ============================================================
2025-12-03 07:08:36,545 - INFO -             Feature  Importance
29         Residual    0.198373
11    Rolling_Std_3    0.110914
18  Rolling_Mean_12    0.104908
25            EMA_3    0.091797
26           EMA_12    0.064838
8             Lag_6    0.057446
9            Lag_12    0.053532
2         Cos_Month    0.033004
3       Sin_Quarter    0.029777
1         Sin_Month    0.029677
15    Rolling_Std_6    0.028056
19   Rolling_Std_12    0.027053
28         Seasonal    0.024720
6             Lag_2    0.019288
7             Lag_3    0.019030
27            Trend    0.017462
14   Rolling_Mean_6    0.015110
17    Rolling_Max_6    0.014691
23       YoY_Growth    0.011979
10   Rolling_Mean_3    0.011520
5             Lag_1    0.009160
22      Momentum_12    0.006212
24       Momentum_6    0.005940
21   Rolling_Max_12    0.005558
12    Rolling_Min_3    0.004085
13    Rolling_Max_3    0.002947
4       Cos_Quarter    0.001894
0             Count    0.000868
16    Rolling_Min_6    0.000104
20   Rolling_Min_12    0.000055
2025-12-03 07:08:36,546 - INFO - ============================================================
2025-12-03 07:08:36,546 - INFO - Generating comprehensive report...
2025-12-03 07:08:36,548 - INFO - Comprehensive report saved: BPC-157_report.html
